part3-frontend-1  | 128.119.202.143 - - [01/May/2023 21:18:07] "GET /stockName/FishCo HTTP/1.1" 200 -
part3-frontend-1  | 128.119.202.143 - - [01/May/2023 21:18:07] "POST /orders HTTP/1.1" 308 -
part3-catalog-1   | 172.18.0.4 - - [01/May/2023 21:18:07] "POST /orders HTTP/1.1" 308 -
part3-catalog-1   | 172.18.0.4 - - [01/May/2023 21:18:07] "POST /orders/ HTTP/1.1" 200 -
part3-order1-1    | 172.18.0.4 - - [01/May/2023 21:18:07] "POST /replica_orders HTTP/1.1" 200 -
part3-order2-1    | 172.18.0.4 - - [01/May/2023 21:18:07] "POST /replica_orders HTTP/1.1" 200 -
part3-frontend-1  | 172.18.0.4 - - [01/May/2023 21:18:07] "DELETE /stockName/MenhirCo2 HTTP/1.1" 200 -
part3-order3-1    | 172.18.0.6 - - [01/May/2023 21:18:07] "POST /orders HTTP/1.1" 200 -
part3-frontend-1  | 128.119.202.143 - - [01/May/2023 21:18:07] "POST /orders/ HTTP/1.1" 200 -
part3-frontend-1  | 128.119.202.143 - - [01/May/2023 21:18:07] "POST /orders HTTP/1.1" 308 -
part3-catalog-1   | 172.18.0.6 - - [01/May/2023 21:18:07] "GET /stockName/Cici2 HTTP/1.1" 200 -
part3-frontend-1  | 128.119.202.143 - - [01/May/2023 21:18:07] "GET /stockName/Cici2 HTTP/1.1" 200 -
part3-catalog-1   | 172.18.0.4 - - [01/May/2023 21:18:07] "POST /orders HTTP/1.1" 308 -
part3-catalog-1   | 172.18.0.4 - - [01/May/2023 21:18:07] "POST /orders/ HTTP/1.1" 200 -
part3-order1-1    | 172.18.0.4 - - [01/May/2023 21:18:07] "POST /replica_orders HTTP/1.1" 200 -
part3-order2-1    | 172.18.0.4 - - [01/May/2023 21:18:07] "POST /replica_orders HTTP/1.1" 200 -
part3-frontend-1  | 172.18.0.4 - - [01/May/2023 21:18:07] "DELETE /stockName/Cici HTTP/1.1" 200 -
part3-catalog-1   | 172.18.0.6 - - [01/May/2023 21:18:07] "GET /stockName/GameStart HTTP/1.1" 200 -
part3-frontend-1  | 128.119.202.143 - - [01/May/2023 21:18:07] "GET /stockName/GameStart HTTP/1.1" 200 -
part3-order3-1    | 172.18.0.6 - - [01/May/2023 21:18:07] "POST /orders HTTP/1.1" 200 -
part3-frontend-1  | 128.119.202.143 - - [01/May/2023 21:18:07] "POST /orders/ HTTP/1.1" 200 -
part3-catalog-1   | 172.18.0.4 - - [01/May/2023 21:18:07] "POST /orders HTTP/1.1" 308 -
part3-frontend-1  | 128.119.202.143 - - [01/May/2023 21:18:07] "GET /stockName/GameStart2 HTTP/1.1" 200 -
part3-catalog-1   | 172.18.0.4 - - [01/May/2023 21:18:07] "POST /orders/ HTTP/1.1" 200 -
part3-order1-1    | 172.18.0.4 - - [01/May/2023 21:18:07] "POST /replica_orders HTTP/1.1" 200 -
part3-order2-1    | 172.18.0.4 - - [01/May/2023 21:18:07] "POST /replica_orders HTTP/1.1" 200 -
part3-frontend-1  | 172.18.0.4 - - [01/May/2023 21:18:07] "DELETE /stockName/FishCo HTTP/1.1" 200 -
part3-order3-1    | 172.18.0.6 - - [01/May/2023 21:18:07] "POST /orders HTTP/1.1" 200 -
part3-frontend-1  | 128.119.202.143 - - [01/May/2023 21:18:07] "POST /orders/ HTTP/1.1" 200 -
part3-frontend-1  | 128.119.202.143 - - [01/May/2023 21:18:07] "GET /stockName/Cici2 HTTP/1.1" 200 -
part3-frontend-1  | 128.119.202.143 - - [01/May/2023 21:18:07] "GET /stockName/MenhirCo HTTP/1.1" 200 -
part3-frontend-1  | 128.119.202.143 - - [01/May/2023 21:18:08] "GET /stockName/GameStart2 HTTP/1.1" 200 -
part3-frontend-1  | 128.119.202.143 - - [01/May/2023 21:18:08] "POST /orders HTTP/1.1" 308 -
part3-catalog-1   | 172.18.0.6 - - [01/May/2023 21:18:08] "GET /stockName/FishCo2 HTTP/1.1" 200 -
part3-frontend-1  | 128.119.202.143 - - [01/May/2023 21:18:08] "GET /stockName/FishCo2 HTTP/1.1" 200 -
part3-frontend-1  | 128.119.202.143 - - [01/May/2023 21:18:08] "POST /orders HTTP/1.1" 308 -
part3-catalog-1   | 172.18.0.4 - - [01/May/2023 21:18:08] "POST /orders HTTP/1.1" 308 -
part3-catalog-1   | 172.18.0.4 - - [01/May/2023 21:18:08] "POST /orders/ HTTP/1.1" 200 -
part3-order1-1    | 172.18.0.4 - - [01/May/2023 21:18:08] "POST /replica_orders HTTP/1.1" 200 -
part3-order2-1    | 172.18.0.4 - - [01/May/2023 21:18:08] "POST /replica_orders HTTP/1.1" 200 -
part3-frontend-1  | 172.18.0.4 - - [01/May/2023 21:18:08] "DELETE /stockName/Cici2 HTTP/1.1" 200 -
part3-order3-1    | 172.18.0.6 - - [01/May/2023 21:18:08] "POST /orders HTTP/1.1" 200 -
part3-frontend-1  | 128.119.202.143 - - [01/May/2023 21:18:08] "POST /orders/ HTTP/1.1" 200 -
part3-catalog-1   | 172.18.0.4 - - [01/May/2023 21:18:08] "POST /orders HTTP/1.1" 308 -
part3-catalog-1   | 172.18.0.4 - - [01/May/2023 21:18:08] "POST /orders/ HTTP/1.1" 200 -
part3-order1-1    | 172.18.0.4 - - [01/May/2023 21:18:08] "POST /replica_orders HTTP/1.1" 200 -
part3-order2-1    | 172.18.0.4 - - [01/May/2023 21:18:08] "POST /replica_orders HTTP/1.1" 200 -
part3-frontend-1  | 172.18.0.4 - - [01/May/2023 21:18:08] "DELETE /stockName/FishCo2 HTTP/1.1" 200 -
part3-frontend-1  | 128.119.202.143 - - [01/May/2023 21:18:08] "GET /stockName/GameStart2 HTTP/1.1" 200 -
part3-order3-1    | 172.18.0.6 - - [01/May/2023 21:18:08] "POST /orders HTTP/1.1" 200 -
part3-frontend-1  | 128.119.202.143 - - [01/May/2023 21:18:08] "POST /orders/ HTTP/1.1" 200 -
part3-frontend-1  | 128.119.202.143 - - [01/May/2023 21:18:08] "POST /orders HTTP/1.1" 308 -
part3-catalog-1   | 172.18.0.6 - - [01/May/2023 21:18:08] "GET /stockName/BearCo HTTP/1.1" 200 -
part3-frontend-1  | 128.119.202.143 - - [01/May/2023 21:18:08] "GET /stockName/BearCo HTTP/1.1" 200 -
part3-catalog-1   | 172.18.0.4 - - [01/May/2023 21:18:08] "POST /orders HTTP/1.1" 308 -
part3-catalog-1   | 172.18.0.4 - - [01/May/2023 21:18:08] "POST /orders/ HTTP/1.1" 200 -
part3-order1-1    | 172.18.0.4 - - [01/May/2023 21:18:08] "POST /replica_orders HTTP/1.1" 200 -
part3-order2-1    | 172.18.0.4 - - [01/May/2023 21:18:08] "POST /replica_orders HTTP/1.1" 200 -
part3-catalog-1   | 172.18.0.6 - - [01/May/2023 21:18:08] "GET /stockName/MenhirCo2 HTTP/1.1" 200 -
part3-frontend-1  | 172.18.0.4 - - [01/May/2023 21:18:08] "DELETE /stockName/GameStart2 HTTP/1.1" 200 -
part3-order3-1    | 172.18.0.6 - - [01/May/2023 21:18:08] "POST /orders HTTP/1.1" 200 -
part3-frontend-1  | 128.119.202.143 - - [01/May/2023 21:18:08] "GET /stockName/MenhirCo2 HTTP/1.1" 200 -
part3-frontend-1  | 128.119.202.143 - - [01/May/2023 21:18:08] "POST /orders/ HTTP/1.1" 200 -
part3-frontend-1  | 128.119.202.143 - - [01/May/2023 21:18:08] "GET /stockName/MenhirCo2 HTTP/1.1" 200 -
part3-frontend-1  | 128.119.202.143 - - [01/May/2023 21:18:08] "POST /orders HTTP/1.1" 308 -
part3-frontend-1  | 128.119.202.143 - - [01/May/2023 21:18:08] "GET /stockName/GameStart HTTP/1.1" 200 -
part3-catalog-1   | 172.18.0.4 - - [01/May/2023 21:18:08] "POST /orders HTTP/1.1" 308 -
part3-catalog-1   | 172.18.0.4 - - [01/May/2023 21:18:08] "POST /orders/ HTTP/1.1" 200 -
part3-order1-1    | 172.18.0.4 - - [01/May/2023 21:18:08] "POST /replica_orders HTTP/1.1" 200 -
part3-order2-1    | 172.18.0.4 - - [01/May/2023 21:18:08] "POST /replica_orders HTTP/1.1" 200 -
part3-frontend-1  | 172.18.0.4 - - [01/May/2023 21:18:08] "DELETE /stockName/MenhirCo2 HTTP/1.1" 200 -
part3-order3-1    | 172.18.0.6 - - [01/May/2023 21:18:08] "POST /orders HTTP/1.1" 200 -
part3-frontend-1  | 128.119.202.143 - - [01/May/2023 21:18:08] "POST /orders/ HTTP/1.1" 200 -
part3-catalog-1   | 172.18.0.6 - - [01/May/2023 21:18:08] "GET /stockName/Cici2 HTTP/1.1" 200 -
part3-frontend-1  | 128.119.202.143 - - [01/May/2023 21:18:08] "GET /stockName/Cici2 HTTP/1.1" 200 -
part3-frontend-1  | 128.119.202.143 - - [01/May/2023 21:18:08] "GET /stockName/MenhirCo HTTP/1.1" 200 -
part3-frontend-1  | 128.119.202.143 - - [01/May/2023 21:18:08] "POST /orders HTTP/1.1" 308 -
part3-catalog-1   | 172.18.0.6 - - [01/May/2023 21:18:08] "GET /stockName/BearCo2 HTTP/1.1" 200 -
part3-frontend-1  | 128.119.202.143 - - [01/May/2023 21:18:08] "GET /stockName/BearCo2 HTTP/1.1" 200 -
part3-catalog-1   | 172.18.0.4 - - [01/May/2023 21:18:08] "POST /orders HTTP/1.1" 308 -
part3-catalog-1   | 172.18.0.4 - - [01/May/2023 21:18:08] "POST /orders/ HTTP/1.1" 200 -
part3-order1-1    | 172.18.0.4 - - [01/May/2023 21:18:08] "POST /replica_orders HTTP/1.1" 200 -
part3-order2-1    | 172.18.0.4 - - [01/May/2023 21:18:08] "POST /replica_orders HTTP/1.1" 200 -
part3-frontend-1  | 172.18.0.4 - - [01/May/2023 21:18:08] "DELETE /stockName/Cici2 HTTP/1.1" 200 -
part3-order3-1    | 172.18.0.6 - - [01/May/2023 21:18:08] "POST /orders HTTP/1.1" 200 -
part3-frontend-1  | 128.119.202.143 - - [01/May/2023 21:18:08] "POST /orders/ HTTP/1.1" 200 -
part3-catalog-1   | 172.18.0.6 - - [01/May/2023 21:31:54] "GET /stockName/FishCo2 HTTP/1.1" 200 -
part3-frontend-1  | 128.119.202.143 - - [01/May/2023 21:31:54] "GET /stockName/GameStart HTTP/1.1" 200 -
part3-catalog-1   | 172.18.0.6 - - [01/May/2023 21:31:54] "GET /stockName/BearCo HTTP/1.1" 200 -
part3-frontend-1  | 128.119.202.143 - - [01/May/2023 21:31:54] "GET /stockName/FishCo2 HTTP/1.1" 200 -
part3-frontend-1  | 128.119.202.143 - - [01/May/2023 21:31:54] "GET /stockName/MenhirCo HTTP/1.1" 200 -
part3-catalog-1   | 172.18.0.6 - - [01/May/2023 21:31:54] "GET /stockName/GameStart2 HTTP/1.1" 200 -
part3-frontend-1  | 128.119.202.143 - - [01/May/2023 21:31:54] "GET /stockName/BearCo HTTP/1.1" 200 -
part3-frontend-1  | 128.119.202.143 - - [01/May/2023 21:31:54] "GET /stockName/GameStart2 HTTP/1.1" 200 -
part3-frontend-1  | 128.119.202.143 - - [01/May/2023 21:31:54] "GET /stockName/GameStart HTTP/1.1" 200 -
part3-frontend-1  | 128.119.202.143 - - [01/May/2023 21:31:54] "GET /stockName/GameStart HTTP/1.1" 200 -
part3-frontend-1  | 128.119.202.143 - - [01/May/2023 21:31:54] "GET /stockName/GameStart2 HTTP/1.1" 200 -
part3-frontend-1  | 128.119.202.143 - - [01/May/2023 21:31:54] "GET /stockName/FishCo2 HTTP/1.1" 200 -
part3-catalog-1   | 172.18.0.6 - - [01/May/2023 21:31:54] "GET /stockName/BearCo2 HTTP/1.1" 200 -
part3-frontend-1  | 128.119.202.143 - - [01/May/2023 21:31:54] "GET /stockName/BearCo2 HTTP/1.1" 200 -
part3-frontend-1  | 128.119.202.143 - - [01/May/2023 21:31:54] "GET /stockName/MenhirCo HTTP/1.1" 200 -
part3-catalog-1   | 172.18.0.6 - - [01/May/2023 21:31:54] "GET /stockName/FishCo HTTP/1.1" 200 -
part3-catalog-1   | 172.18.0.6 - - [01/May/2023 21:31:54] "GET /stockName/MenhirCo2 HTTP/1.1" 200 -
part3-frontend-1  | 128.119.202.143 - - [01/May/2023 21:31:54] "GET /stockName/GameStart2 HTTP/1.1" 200 -
part3-frontend-1  | 128.119.202.143 - - [01/May/2023 21:31:54] "GET /stockName/FishCo HTTP/1.1" 200 -
part3-frontend-1  | 128.119.202.143 - - [01/May/2023 21:31:54] "GET /stockName/MenhirCo2 HTTP/1.1" 200 -
part3-frontend-1  | 128.119.202.143 - - [01/May/2023 21:31:54] "GET /stockName/MenhirCo2 HTTP/1.1" 200 -
part3-frontend-1  | 128.119.202.143 - - [01/May/2023 21:31:55] "GET /stockName/GameStart2 HTTP/1.1" 200 -
part3-frontend-1  | 128.119.202.143 - - [01/May/2023 21:31:55] "GET /stockName/GameStart2 HTTP/1.1" 200 -
part3-frontend-1  | 128.119.202.143 - - [01/May/2023 21:31:55] "GET /stockName/GameStart2 HTTP/1.1" 200 -
part3-catalog-1   | 172.18.0.6 - - [01/May/2023 21:31:55] "GET /stockName/BearCo2 HTTP/1.1" 200 -
part3-frontend-1  | 128.119.202.143 - - [01/May/2023 21:31:55] "GET /stockName/BearCo2 HTTP/1.1" 200 -
part3-catalog-1   | 172.18.0.6 - - [01/May/2023 21:31:55] "GET /stockName/BearCo HTTP/1.1" 200 -
part3-frontend-1  | 128.119.202.143 - - [01/May/2023 21:31:55] "GET /stockName/BearCo HTTP/1.1" 200 -
part3-catalog-1   | 172.18.0.6 - - [01/May/2023 21:31:55] "GET /stockName/BearCo HTTP/1.1" 200 -
part3-frontend-1  | 128.119.202.143 - - [01/May/2023 21:31:55] "GET /stockName/BearCo HTTP/1.1" 200 -
part3-frontend-1  | 128.119.202.143 - - [01/May/2023 21:31:55] "GET /stockName/GameStart2 HTTP/1.1" 200 -
part3-frontend-1  | 128.119.202.143 - - [01/May/2023 21:31:55] "GET /stockName/GameStart2 HTTP/1.1" 200 -
part3-frontend-1  | 128.119.202.143 - - [01/May/2023 21:31:55] "GET /stockName/GameStart2 HTTP/1.1" 200 -
part3-frontend-1  | 128.119.202.143 - - [01/May/2023 21:31:55] "GET /stockName/FishCo HTTP/1.1" 200 -
part3-catalog-1   | 172.18.0.6 - - [01/May/2023 21:31:55] "GET /stockName/BearCo2 HTTP/1.1" 200 -
part3-frontend-1  | 128.119.202.143 - - [01/May/2023 21:31:55] "GET /stockName/BearCo2 HTTP/1.1" 200 -
part3-frontend-1  | 128.119.202.143 - - [01/May/2023 21:31:55] "GET /stockName/FishCo2 HTTP/1.1" 200 -
part3-frontend-1  | 128.119.202.143 - - [01/May/2023 21:31:55] "GET /stockName/MenhirCo HTTP/1.1" 200 -
part3-frontend-1  | 128.119.202.143 - - [01/May/2023 21:31:55] "GET /stockName/FishCo2 HTTP/1.1" 200 -
part3-catalog-1   | 172.18.0.6 - - [01/May/2023 21:31:55] "GET /stockName/Cici2 HTTP/1.1" 200 -
part3-frontend-1  | 128.119.202.143 - - [01/May/2023 21:31:55] "GET /stockName/Cici2 HTTP/1.1" 200 -
part3-frontend-1  | 128.119.202.143 - - [01/May/2023 21:31:55] "GET /stockName/GameStart2 HTTP/1.1" 200 -
part3-frontend-1  | 128.119.202.143 - - [01/May/2023 21:31:55] "GET /stockName/FishCo2 HTTP/1.1" 200 -
part3-frontend-1  | 128.119.202.143 - - [01/May/2023 21:31:55] "GET /stockName/FishCo HTTP/1.1" 200 -
part3-catalog-1   | 172.18.0.6 - - [01/May/2023 21:31:55] "GET /stockName/BearCo2 HTTP/1.1" 200 -
part3-frontend-1  | 128.119.202.143 - - [01/May/2023 21:31:55] "GET /stockName/BearCo2 HTTP/1.1" 200 -
part3-catalog-1   | 172.18.0.6 - - [01/May/2023 21:31:55] "GET /stockName/Cici HTTP/1.1" 200 -
part3-frontend-1  | 128.119.202.143 - - [01/May/2023 21:31:55] "GET /stockName/Cici HTTP/1.1" 200 -
part3-catalog-1   | 172.18.0.6 - - [01/May/2023 21:31:55] "GET /stockName/BearCo2 HTTP/1.1" 200 -
part3-frontend-1  | 128.119.202.143 - - [01/May/2023 21:31:55] "GET /stockName/BearCo2 HTTP/1.1" 200 -
part3-frontend-1  | 128.119.202.143 - - [01/May/2023 21:31:55] "GET /stockName/Cici HTTP/1.1" 200 -
part3-frontend-1  | 128.119.202.143 - - [01/May/2023 21:31:55] "GET /stockName/GameStart2 HTTP/1.1" 200 -
part3-frontend-1  | 128.119.202.143 - - [01/May/2023 21:31:55] "GET /stockName/MenhirCo HTTP/1.1" 200 -
part3-catalog-1   | 172.18.0.6 - - [01/May/2023 21:31:55] "GET /stockName/BearCo2 HTTP/1.1" 200 -
part3-frontend-1  | 128.119.202.143 - - [01/May/2023 21:31:55] "GET /stockName/BearCo2 HTTP/1.1" 200 -
part3-frontend-1  | 128.119.202.143 - - [01/May/2023 21:31:55] "GET /stockName/GameStart2 HTTP/1.1" 200 -
part3-frontend-1  | 128.119.202.143 - - [01/May/2023 21:31:55] "GET /stockName/GameStart2 HTTP/1.1" 200 -
part3-frontend-1  | 128.119.202.143 - - [01/May/2023 21:31:55] "GET /stockName/MenhirCo HTTP/1.1" 200 -
part3-frontend-1  | 128.119.202.143 - - [01/May/2023 21:31:55] "GET /stockName/GameStart2 HTTP/1.1" 200 -
part3-frontend-1  | 128.119.202.143 - - [01/May/2023 21:31:55] "GET /stockName/MenhirCo HTTP/1.1" 200 -
part3-frontend-1  | 128.119.202.143 - - [01/May/2023 21:31:55] "GET /stockName/Cici HTTP/1.1" 200 -
part3-catalog-1   | 172.18.0.6 - - [01/May/2023 21:31:55] "GET /stockName/BearCo2 HTTP/1.1" 200 -
part3-frontend-1  | 128.119.202.143 - - [01/May/2023 21:31:55] "GET /stockName/BearCo2 HTTP/1.1" 200 -
part3-frontend-1  | 128.119.202.143 - - [01/May/2023 21:31:55] "GET /stockName/Cici2 HTTP/1.1" 200 -
part3-frontend-1  | 128.119.202.143 - - [01/May/2023 21:31:55] "GET /stockName/Cici HTTP/1.1" 200 -
part3-frontend-1  | 128.119.202.143 - - [01/May/2023 21:31:55] "GET /stockName/GameStart HTTP/1.1" 200 -
part3-frontend-1  | 128.119.202.143 - - [01/May/2023 21:31:55] "GET /stockName/GameStart2 HTTP/1.1" 200 -
part3-frontend-1  | 128.119.202.143 - - [01/May/2023 21:31:55] "GET /stockName/MenhirCo2 HTTP/1.1" 200 -
part3-frontend-1  | 128.119.202.143 - - [01/May/2023 21:31:55] "GET /stockName/Cici2 HTTP/1.1" 200 -
part3-catalog-1   | 172.18.0.6 - - [01/May/2023 21:31:55] "GET /stockName/BearCo2 HTTP/1.1" 200 -
part3-frontend-1  | 128.119.202.143 - - [01/May/2023 21:31:55] "GET /stockName/FishCo HTTP/1.1" 200 -
part3-frontend-1  | 128.119.202.143 - - [01/May/2023 21:31:55] "GET /stockName/BearCo2 HTTP/1.1" 200 -
part3-catalog-1   | 172.18.0.6 - - [01/May/2023 21:31:55] "GET /stockName/BearCo2 HTTP/1.1" 200 -
part3-frontend-1  | 128.119.202.143 - - [01/May/2023 21:31:55] "GET /stockName/Cici HTTP/1.1" 200 -
part3-frontend-1  | 128.119.202.143 - - [01/May/2023 21:31:55] "GET /stockName/MenhirCo HTTP/1.1" 200 -
part3-frontend-1  | 128.119.202.143 - - [01/May/2023 21:31:55] "GET /stockName/BearCo2 HTTP/1.1" 200 -
part3-frontend-1  | 128.119.202.143 - - [01/May/2023 21:31:55] "GET /stockName/GameStart HTTP/1.1" 200 -
part3-catalog-1   | 172.18.0.6 - - [01/May/2023 21:31:55] "GET /stockName/BearCo HTTP/1.1" 200 -
part3-frontend-1  | 128.119.202.143 - - [01/May/2023 21:31:55] "GET /stockName/BearCo HTTP/1.1" 200 -
part3-frontend-1  | 128.119.202.143 - - [01/May/2023 21:31:55] "GET /stockName/FishCo HTTP/1.1" 200 -
part3-frontend-1  | 128.119.202.143 - - [01/May/2023 21:31:55] "GET /stockName/FishCo2 HTTP/1.1" 200 -
part3-catalog-1   | 172.18.0.6 - - [01/May/2023 21:31:55] "GET /stockName/BearCo HTTP/1.1" 200 -
part3-frontend-1  | 128.119.202.143 - - [01/May/2023 21:31:55] "GET /stockName/Cici HTTP/1.1" 200 -
part3-frontend-1  | 128.119.202.143 - - [01/May/2023 21:31:55] "GET /stockName/FishCo2 HTTP/1.1" 200 -
part3-frontend-1  | 128.119.202.143 - - [01/May/2023 21:31:55] "GET /stockName/BearCo HTTP/1.1" 200 -
part3-frontend-1  | 128.119.202.143 - - [01/May/2023 21:31:56] "GET /stockName/MenhirCo HTTP/1.1" 200 -
part3-frontend-1  | 128.119.202.143 - - [01/May/2023 21:31:56] "GET /stockName/MenhirCo HTTP/1.1" 200 -
part3-frontend-1  | 128.119.202.143 - - [01/May/2023 21:31:56] "GET /stockName/FishCo HTTP/1.1" 200 -
part3-frontend-1  | 128.119.202.143 - - [01/May/2023 21:31:56] "GET /stockName/MenhirCo HTTP/1.1" 200 -
part3-frontend-1  | 128.119.202.143 - - [01/May/2023 21:31:56] "GET /stockName/GameStart2 HTTP/1.1" 200 -
part3-frontend-1  | 128.119.202.143 - - [01/May/2023 21:31:56] "GET /stockName/Cici2 HTTP/1.1" 200 -
part3-frontend-1  | 128.119.202.143 - - [01/May/2023 21:31:56] "GET /stockName/MenhirCo HTTP/1.1" 200 -
part3-catalog-1   | 172.18.0.6 - - [01/May/2023 21:31:56] "GET /stockName/BearCo2 HTTP/1.1" 200 -
part3-frontend-1  | 128.119.202.143 - - [01/May/2023 21:31:56] "GET /stockName/FishCo2 HTTP/1.1" 200 -
part3-frontend-1  | 128.119.202.143 - - [01/May/2023 21:31:56] "GET /stockName/Cici HTTP/1.1" 200 -
part3-frontend-1  | 128.119.202.143 - - [01/May/2023 21:31:56] "GET /stockName/BearCo2 HTTP/1.1" 200 -
part3-frontend-1  | 128.119.202.143 - - [01/May/2023 21:31:56] "GET /stockName/MenhirCo2 HTTP/1.1" 200 -
part3-catalog-1   | 172.18.0.6 - - [01/May/2023 21:31:56] "GET /stockName/BearCo2 HTTP/1.1" 200 -
part3-frontend-1  | 128.119.202.143 - - [01/May/2023 21:31:56] "GET /stockName/MenhirCo2 HTTP/1.1" 200 -
part3-frontend-1  | 128.119.202.143 - - [01/May/2023 21:31:56] "GET /stockName/BearCo2 HTTP/1.1" 200 -
part3-catalog-1   | 172.18.0.6 - - [01/May/2023 21:31:56] "GET /stockName/BearCo2 HTTP/1.1" 200 -
part3-frontend-1  | 128.119.202.143 - - [01/May/2023 21:31:56] "GET /stockName/BearCo2 HTTP/1.1" 200 -
part3-catalog-1   | 172.18.0.6 - - [01/May/2023 21:31:56] "GET /stockName/BearCo HTTP/1.1" 200 -
part3-frontend-1  | 128.119.202.143 - - [01/May/2023 21:31:56] "GET /stockName/BearCo HTTP/1.1" 200 -
part3-frontend-1  | 128.119.202.143 - - [01/May/2023 21:31:56] "GET /stockName/MenhirCo2 HTTP/1.1" 200 -
part3-frontend-1  | 128.119.202.143 - - [01/May/2023 21:31:56] "GET /stockName/Cici HTTP/1.1" 200 -
part3-catalog-1   | 172.18.0.6 - - [01/May/2023 21:31:56] "GET /stockName/BearCo HTTP/1.1" 200 -
part3-frontend-1  | 128.119.202.143 - - [01/May/2023 21:31:56] "GET /stockName/BearCo HTTP/1.1" 200 -
part3-frontend-1  | 128.119.202.143 - - [01/May/2023 21:31:56] "GET /stockName/Cici2 HTTP/1.1" 200 -
part3-frontend-1  | 128.119.202.143 - - [01/May/2023 21:31:56] "GET /stockName/MenhirCo HTTP/1.1" 200 -
part3-catalog-1   | 172.18.0.6 - - [01/May/2023 21:31:56] "GET /stockName/BearCo HTTP/1.1" 200 -
part3-frontend-1  | 128.119.202.143 - - [01/May/2023 21:31:56] "GET /stockName/Cici HTTP/1.1" 200 -
part3-frontend-1  | 128.119.202.143 - - [01/May/2023 21:31:56] "GET /stockName/BearCo HTTP/1.1" 200 -
part3-frontend-1  | 128.119.202.143 - - [01/May/2023 21:31:56] "GET /stockName/GameStart2 HTTP/1.1" 200 -
part3-frontend-1  | 128.119.202.143 - - [01/May/2023 21:31:56] "GET /stockName/Cici2 HTTP/1.1" 200 -
part3-catalog-1   | 172.18.0.6 - - [01/May/2023 21:31:56] "GET /stockName/BearCo2 HTTP/1.1" 200 -
part3-frontend-1  | 128.119.202.143 - - [01/May/2023 21:31:56] "GET /stockName/BearCo2 HTTP/1.1" 200 -
part3-frontend-1  | 128.119.202.143 - - [01/May/2023 21:31:56] "GET /stockName/Cici HTTP/1.1" 200 -
part3-frontend-1  | 128.119.202.143 - - [01/May/2023 21:31:56] "GET /stockName/GameStart2 HTTP/1.1" 200 -
part3-frontend-1  | 128.119.202.143 - - [01/May/2023 21:31:56] "GET /stockName/MenhirCo2 HTTP/1.1" 200 -
part3-catalog-1   | 172.18.0.6 - - [01/May/2023 21:31:56] "GET /stockName/BearCo2 HTTP/1.1" 200 -
part3-frontend-1  | 128.119.202.143 - - [01/May/2023 21:31:56] "GET /stockName/BearCo2 HTTP/1.1" 200 -
part3-catalog-1   | 172.18.0.6 - - [01/May/2023 21:31:56] "GET /stockName/BearCo HTTP/1.1" 200 -
part3-frontend-1  | 128.119.202.143 - - [01/May/2023 21:31:56] "GET /stockName/BearCo HTTP/1.1" 200 -
part3-catalog-1   | 172.18.0.6 - - [01/May/2023 21:31:56] "GET /stockName/BearCo HTTP/1.1" 200 -
part3-frontend-1  | 128.119.202.143 - - [01/May/2023 21:31:56] "GET /stockName/GameStart2 HTTP/1.1" 200 -
part3-frontend-1  | 128.119.202.143 - - [01/May/2023 21:31:56] "GET /stockName/GameStart HTTP/1.1" 200 -
part3-frontend-1  | 128.119.202.143 - - [01/May/2023 21:31:56] "GET /stockName/BearCo HTTP/1.1" 200 -
part3-frontend-1  | 128.119.202.143 - - [01/May/2023 21:31:56] "GET /stockName/GameStart2 HTTP/1.1" 200 -
part3-frontend-1  | 128.119.202.143 - - [01/May/2023 21:31:56] "GET /stockName/FishCo2 HTTP/1.1" 200 -
part3-frontend-1  | 128.119.202.143 - - [01/May/2023 21:32:09] "GET /stockName/Cici2 HTTP/1.1" 200 -
part3-frontend-1  | 128.119.202.143 - - [01/May/2023 21:32:09] "GET /stockName/GameStart HTTP/1.1" 200 -
part3-frontend-1  | 128.119.202.143 - - [01/May/2023 21:32:09] "GET /stockName/Cici2 HTTP/1.1" 200 -
part3-frontend-1  | 128.119.202.143 - - [01/May/2023 21:32:09] "GET /stockName/GameStart HTTP/1.1" 200 -
part3-catalog-1   | 172.18.0.6 - - [01/May/2023 21:32:09] "GET /stockName/BearCo2 HTTP/1.1" 200 -
part3-frontend-1  | 128.119.202.143 - - [01/May/2023 21:32:09] "GET /stockName/BearCo2 HTTP/1.1" 200 -
part3-frontend-1  | 128.119.202.143 - - [01/May/2023 21:32:10] "GET /stockName/Cici HTTP/1.1" 200 -
part3-frontend-1  | 128.119.202.143 - - [01/May/2023 21:32:10] "GET /stockName/GameStart HTTP/1.1" 200 -
part3-frontend-1  | 128.119.202.143 - - [01/May/2023 21:32:10] "GET /stockName/GameStart HTTP/1.1" 200 -
part3-frontend-1  | 128.119.202.143 - - [01/May/2023 21:32:10] "POST /orders HTTP/1.1" 308 -
part3-frontend-1  | 128.119.202.143 - - [01/May/2023 21:32:10] "GET /stockName/GameStart HTTP/1.1" 200 -
part3-frontend-1  | 128.119.202.143 - - [01/May/2023 21:32:10] "GET /stockName/Cici HTTP/1.1" 200 -
part3-frontend-1  | 128.119.202.143 - - [01/May/2023 21:32:10] "GET /stockName/MenhirCo2 HTTP/1.1" 200 -
part3-frontend-1  | 128.119.202.143 - - [01/May/2023 21:32:10] "GET /stockName/FishCo HTTP/1.1" 200 -
part3-frontend-1  | 128.119.202.143 - - [01/May/2023 21:32:10] "GET /stockName/Cici2 HTTP/1.1" 200 -
part3-catalog-1   | 172.18.0.4 - - [01/May/2023 21:32:10] "POST /orders HTTP/1.1" 308 -
part3-catalog-1   | 172.18.0.4 - - [01/May/2023 21:32:10] "POST /orders/ HTTP/1.1" 200 -
part3-order1-1    | 172.18.0.4 - - [01/May/2023 21:32:10] "POST /replica_orders HTTP/1.1" 200 -
part3-order2-1    | 172.18.0.4 - - [01/May/2023 21:32:10] "POST /replica_orders HTTP/1.1" 200 -
part3-frontend-1  | 172.18.0.4 - - [01/May/2023 21:32:10] "DELETE /stockName/GameStart HTTP/1.1" 200 -
part3-order3-1    | 172.18.0.6 - - [01/May/2023 21:32:10] "POST /orders HTTP/1.1" 200 -
part3-frontend-1  | 128.119.202.143 - - [01/May/2023 21:32:10] "POST /orders/ HTTP/1.1" 200 -
part3-frontend-1  | 128.119.202.143 - - [01/May/2023 21:32:10] "GET /stockName/GameStart2 HTTP/1.1" 200 -
part3-frontend-1  | 128.119.202.143 - - [01/May/2023 21:32:10] "GET /stockName/Cici HTTP/1.1" 200 -
part3-frontend-1  | 128.119.202.143 - - [01/May/2023 21:32:10] "GET /stockName/FishCo2 HTTP/1.1" 200 -
part3-catalog-1   | 172.18.0.6 - - [01/May/2023 21:32:10] "GET /stockName/BearCo2 HTTP/1.1" 200 -
part3-catalog-1   | 172.18.0.6 - - [01/May/2023 21:32:10] "GET /stockName/GameStart HTTP/1.1" 200 -
part3-frontend-1  | 128.119.202.143 - - [01/May/2023 21:32:10] "GET /stockName/BearCo2 HTTP/1.1" 200 -
part3-frontend-1  | 128.119.202.143 - - [01/May/2023 21:32:10] "GET /stockName/GameStart HTTP/1.1" 200 -
part3-frontend-1  | 128.119.202.143 - - [01/May/2023 21:32:10] "GET /stockName/FishCo HTTP/1.1" 200 -
part3-frontend-1  | 128.119.202.143 - - [01/May/2023 21:32:10] "GET /stockName/MenhirCo2 HTTP/1.1" 200 -
part3-catalog-1   | 172.18.0.6 - - [01/May/2023 21:32:10] "GET /stockName/BearCo HTTP/1.1" 200 -
part3-frontend-1  | 128.119.202.143 - - [01/May/2023 21:32:10] "POST /orders HTTP/1.1" 308 -
part3-frontend-1  | 128.119.202.143 - - [01/May/2023 21:32:10] "GET /stockName/BearCo HTTP/1.1" 200 -
part3-catalog-1   | 172.18.0.6 - - [01/May/2023 21:32:10] "GET /stockName/BearCo2 HTTP/1.1" 200 -
part3-frontend-1  | 128.119.202.143 - - [01/May/2023 21:32:10] "GET /stockName/BearCo2 HTTP/1.1" 200 -
part3-frontend-1  | 128.119.202.143 - - [01/May/2023 21:32:10] "GET /stockName/GameStart2 HTTP/1.1" 200 -
part3-catalog-1   | 172.18.0.6 - - [01/May/2023 21:32:10] "GET /stockName/BearCo HTTP/1.1" 200 -
part3-frontend-1  | 128.119.202.143 - - [01/May/2023 21:32:10] "GET /stockName/BearCo HTTP/1.1" 200 -
part3-frontend-1  | 128.119.202.143 - - [01/May/2023 21:32:10] "GET /stockName/MenhirCo2 HTTP/1.1" 200 -
part3-catalog-1   | 172.18.0.6 - - [01/May/2023 21:32:10] "GET /stockName/BearCo HTTP/1.1" 200 -
part3-frontend-1  | 128.119.202.143 - - [01/May/2023 21:32:10] "GET /stockName/BearCo HTTP/1.1" 200 -
part3-catalog-1   | 172.18.0.4 - - [01/May/2023 21:32:10] "POST /orders HTTP/1.1" 308 -
part3-catalog-1   | 172.18.0.4 - - [01/May/2023 21:32:10] "POST /orders/ HTTP/1.1" 200 -
part3-order1-1    | 172.18.0.4 - - [01/May/2023 21:32:10] "POST /replica_orders HTTP/1.1" 200 -
part3-order2-1    | 172.18.0.4 - - [01/May/2023 21:32:10] "POST /replica_orders HTTP/1.1" 200 -
part3-frontend-1  | 172.18.0.4 - - [01/May/2023 21:32:10] "DELETE /stockName/GameStart HTTP/1.1" 200 -
part3-order3-1    | 172.18.0.6 - - [01/May/2023 21:32:10] "POST /orders HTTP/1.1" 200 -
part3-frontend-1  | 128.119.202.143 - - [01/May/2023 21:32:10] "POST /orders/ HTTP/1.1" 200 -
part3-frontend-1  | 128.119.202.143 - - [01/May/2023 21:32:10] "POST /orders HTTP/1.1" 308 -
part3-frontend-1  | 128.119.202.143 - - [01/May/2023 21:32:10] "GET /stockName/MenhirCo HTTP/1.1" 200 -
part3-frontend-1  | 128.119.202.143 - - [01/May/2023 21:32:10] "GET /stockName/GameStart2 HTTP/1.1" 200 -
part3-frontend-1  | 128.119.202.143 - - [01/May/2023 21:32:10] "POST /orders HTTP/1.1" 308 -
part3-frontend-1  | 128.119.202.143 - - [01/May/2023 21:32:10] "GET /stockName/MenhirCo HTTP/1.1" 200 -
part3-catalog-1   | 172.18.0.6 - - [01/May/2023 21:32:10] "GET /stockName/BearCo2 HTTP/1.1" 200 -
part3-frontend-1  | 128.119.202.143 - - [01/May/2023 21:32:10] "GET /stockName/BearCo2 HTTP/1.1" 200 -
part3-catalog-1   | 172.18.0.4 - - [01/May/2023 21:32:10] "POST /orders HTTP/1.1" 308 -
part3-frontend-1  | 128.119.202.143 - - [01/May/2023 21:32:10] "GET /stockName/FishCo2 HTTP/1.1" 200 -
part3-catalog-1   | 172.18.0.4 - - [01/May/2023 21:32:10] "POST /orders/ HTTP/1.1" 200 -
part3-order1-1    | 172.18.0.4 - - [01/May/2023 21:32:10] "POST /replica_orders HTTP/1.1" 200 -
part3-order2-1    | 172.18.0.4 - - [01/May/2023 21:32:10] "POST /replica_orders HTTP/1.1" 200 -
part3-frontend-1  | 172.18.0.4 - - [01/May/2023 21:32:10] "DELETE /stockName/MenhirCo2 HTTP/1.1" 200 -
part3-order3-1    | 172.18.0.6 - - [01/May/2023 21:32:10] "POST /orders HTTP/1.1" 200 -
part3-catalog-1   | 172.18.0.4 - - [01/May/2023 21:32:10] "POST /orders HTTP/1.1" 308 -
part3-frontend-1  | 128.119.202.143 - - [01/May/2023 21:32:10] "POST /orders/ HTTP/1.1" 200 -
part3-catalog-1   | 172.18.0.4 - - [01/May/2023 21:32:10] "POST /orders/ HTTP/1.1" 200 -
part3-order1-1    | 172.18.0.4 - - [01/May/2023 21:32:10] "POST /replica_orders HTTP/1.1" 200 -
part3-order2-1    | 172.18.0.4 - - [01/May/2023 21:32:10] "POST /replica_orders HTTP/1.1" 200 -
part3-frontend-1  | 172.18.0.4 - - [01/May/2023 21:32:10] "DELETE /stockName/GameStart2 HTTP/1.1" 200 -
part3-order3-1    | 172.18.0.6 - - [01/May/2023 21:32:10] "POST /orders HTTP/1.1" 200 -
part3-frontend-1  | 128.119.202.143 - - [01/May/2023 21:32:10] "POST /orders/ HTTP/1.1" 200 -
part3-catalog-1   | 172.18.0.6 - - [01/May/2023 21:32:10] "GET /stockName/BearCo HTTP/1.1" 200 -
part3-frontend-1  | 128.119.202.143 - - [01/May/2023 21:32:10] "GET /stockName/BearCo HTTP/1.1" 200 -
part3-frontend-1  | 128.119.202.143 - - [01/May/2023 21:32:10] "GET /stockName/FishCo2 HTTP/1.1" 200 -
part3-frontend-1  | 128.119.202.143 - - [01/May/2023 21:32:10] "POST /orders HTTP/1.1" 308 -
part3-frontend-1  | 128.119.202.143 - - [01/May/2023 21:32:10] "GET /stockName/Cici2 HTTP/1.1" 200 -
part3-catalog-1   | 172.18.0.6 - - [01/May/2023 21:32:10] "GET /stockName/BearCo HTTP/1.1" 200 -
part3-frontend-1  | 128.119.202.143 - - [01/May/2023 21:32:10] "GET /stockName/BearCo HTTP/1.1" 200 -
part3-frontend-1  | 128.119.202.143 - - [01/May/2023 21:32:10] "GET /stockName/FishCo2 HTTP/1.1" 200 -
part3-catalog-1   | 172.18.0.6 - - [01/May/2023 21:32:10] "GET /stockName/BearCo HTTP/1.1" 200 -
part3-frontend-1  | 128.119.202.143 - - [01/May/2023 21:32:10] "GET /stockName/BearCo HTTP/1.1" 200 -
part3-catalog-1   | 172.18.0.6 - - [01/May/2023 21:32:10] "GET /stockName/BearCo HTTP/1.1" 200 -
part3-frontend-1  | 128.119.202.143 - - [01/May/2023 21:32:10] "GET /stockName/BearCo HTTP/1.1" 200 -
part3-catalog-1   | 172.18.0.4 - - [01/May/2023 21:32:10] "POST /orders HTTP/1.1" 308 -
part3-catalog-1   | 172.18.0.6 - - [01/May/2023 21:32:10] "GET /stockName/MenhirCo2 HTTP/1.1" 200 -
part3-catalog-1   | 172.18.0.4 - - [01/May/2023 21:32:10] "POST /orders/ HTTP/1.1" 200 -
part3-frontend-1  | 128.119.202.143 - - [01/May/2023 21:32:10] "GET /stockName/MenhirCo2 HTTP/1.1" 200 -
part3-order1-1    | 172.18.0.4 - - [01/May/2023 21:32:10] "POST /replica_orders HTTP/1.1" 200 -
part3-order2-1    | 172.18.0.4 - - [01/May/2023 21:32:10] "POST /replica_orders HTTP/1.1" 200 -
part3-frontend-1  | 172.18.0.4 - - [01/May/2023 21:32:10] "DELETE /stockName/FishCo2 HTTP/1.1" 200 -
part3-order3-1    | 172.18.0.6 - - [01/May/2023 21:32:10] "POST /orders HTTP/1.1" 200 -
part3-frontend-1  | 128.119.202.143 - - [01/May/2023 21:32:10] "POST /orders/ HTTP/1.1" 200 -
part3-catalog-1   | 172.18.0.6 - - [01/May/2023 21:32:10] "GET /stockName/GameStart2 HTTP/1.1" 200 -
part3-frontend-1  | 128.119.202.143 - - [01/May/2023 21:32:11] "GET /stockName/GameStart2 HTTP/1.1" 200 -
part3-catalog-1   | 172.18.0.6 - - [01/May/2023 21:32:11] "GET /stockName/FishCo2 HTTP/1.1" 200 -
part3-frontend-1  | 128.119.202.143 - - [01/May/2023 21:32:11] "GET /stockName/FishCo2 HTTP/1.1" 200 -
part3-frontend-1  | 128.119.202.143 - - [01/May/2023 21:32:11] "GET /stockName/GameStart2 HTTP/1.1" 200 -
part3-frontend-1  | 128.119.202.143 - - [01/May/2023 21:32:11] "GET /stockName/MenhirCo2 HTTP/1.1" 200 -
part3-catalog-1   | 172.18.0.6 - - [01/May/2023 21:32:11] "GET /stockName/BearCo2 HTTP/1.1" 200 -
part3-frontend-1  | 128.119.202.143 - - [01/May/2023 21:32:11] "GET /stockName/BearCo2 HTTP/1.1" 200 -
part3-frontend-1  | 128.119.202.143 - - [01/May/2023 21:32:11] "GET /stockName/MenhirCo2 HTTP/1.1" 200 -
part3-frontend-1  | 128.119.202.143 - - [01/May/2023 21:32:11] "POST /orders HTTP/1.1" 308 -
part3-frontend-1  | 128.119.202.143 - - [01/May/2023 21:32:11] "GET /stockName/FishCo HTTP/1.1" 200 -
part3-frontend-1  | 128.119.202.143 - - [01/May/2023 21:32:11] "GET /stockName/Cici2 HTTP/1.1" 200 -
part3-frontend-1  | 128.119.202.143 - - [01/May/2023 21:32:11] "POST /orders HTTP/1.1" 308 -
part3-frontend-1  | 128.119.202.143 - - [01/May/2023 21:32:11] "GET /stockName/Cici HTTP/1.1" 200 -
part3-catalog-1   | 172.18.0.4 - - [01/May/2023 21:32:11] "POST /orders HTTP/1.1" 308 -
part3-catalog-1   | 172.18.0.4 - - [01/May/2023 21:32:11] "POST /orders/ HTTP/1.1" 200 -
part3-order1-1    | 172.18.0.4 - - [01/May/2023 21:32:11] "POST /replica_orders HTTP/1.1" 200 -
part3-order2-1    | 172.18.0.4 - - [01/May/2023 21:32:11] "POST /replica_orders HTTP/1.1" 200 -
part3-catalog-1   | 172.18.0.6 - - [01/May/2023 21:32:11] "GET /stockName/BearCo HTTP/1.1" 200 -
part3-frontend-1  | 128.119.202.143 - - [01/May/2023 21:32:11] "POST /orders HTTP/1.1" 308 -
part3-frontend-1  | 128.119.202.143 - - [01/May/2023 21:32:11] "GET /stockName/BearCo HTTP/1.1" 200 -
part3-frontend-1  | 172.18.0.4 - - [01/May/2023 21:32:11] "DELETE /stockName/GameStart2 HTTP/1.1" 200 -
part3-order3-1    | 172.18.0.6 - - [01/May/2023 21:32:11] "POST /orders HTTP/1.1" 200 -
part3-catalog-1   | 172.18.0.4 - - [01/May/2023 21:32:11] "POST /orders HTTP/1.1" 308 -
part3-frontend-1  | 128.119.202.143 - - [01/May/2023 21:32:11] "POST /orders/ HTTP/1.1" 200 -
part3-catalog-1   | 172.18.0.4 - - [01/May/2023 21:32:11] "POST /orders/ HTTP/1.1" 200 -
part3-order1-1    | 172.18.0.4 - - [01/May/2023 21:32:11] "POST /replica_orders HTTP/1.1" 200 -
part3-order2-1    | 172.18.0.4 - - [01/May/2023 21:32:11] "POST /replica_orders HTTP/1.1" 200 -
part3-frontend-1  | 172.18.0.4 - - [01/May/2023 21:32:11] "DELETE /stockName/MenhirCo2 HTTP/1.1" 200 -
part3-order3-1    | 172.18.0.6 - - [01/May/2023 21:32:11] "POST /orders HTTP/1.1" 200 -
part3-frontend-1  | 128.119.202.143 - - [01/May/2023 21:32:11] "POST /orders/ HTTP/1.1" 200 -
part3-frontend-1  | 128.119.202.143 - - [01/May/2023 21:32:11] "GET /stockName/Cici2 HTTP/1.1" 200 -
part3-frontend-1  | 128.119.202.143 - - [01/May/2023 21:32:11] "GET /stockName/FishCo HTTP/1.1" 200 -
part3-frontend-1  | 128.119.202.143 - - [01/May/2023 21:32:11] "GET /stockName/Cici HTTP/1.1" 200 -
part3-catalog-1   | 172.18.0.4 - - [01/May/2023 21:32:11] "POST /orders HTTP/1.1" 308 -
part3-catalog-1   | 172.18.0.4 - - [01/May/2023 21:32:11] "POST /orders/ HTTP/1.1" 200 -
part3-order1-1    | 172.18.0.4 - - [01/May/2023 21:32:11] "POST /replica_orders HTTP/1.1" 200 -
part3-order2-1    | 172.18.0.4 - - [01/May/2023 21:32:11] "POST /replica_orders HTTP/1.1" 200 -
part3-frontend-1  | 172.18.0.4 - - [01/May/2023 21:32:11] "DELETE /stockName/Cici2 HTTP/1.1" 200 -
part3-catalog-1   | 172.18.0.6 - - [01/May/2023 21:32:11] "GET /stockName/MenhirCo2 HTTP/1.1" 200 -
part3-order3-1    | 172.18.0.6 - - [01/May/2023 21:32:11] "POST /orders HTTP/1.1" 200 -
part3-frontend-1  | 128.119.202.143 - - [01/May/2023 21:32:11] "GET /stockName/MenhirCo2 HTTP/1.1" 200 -
part3-frontend-1  | 128.119.202.143 - - [01/May/2023 21:32:11] "POST /orders/ HTTP/1.1" 200 -
part3-catalog-1   | 172.18.0.6 - - [01/May/2023 21:32:11] "GET /stockName/BearCo HTTP/1.1" 200 -
part3-frontend-1  | 128.119.202.143 - - [01/May/2023 21:32:11] "GET /stockName/BearCo HTTP/1.1" 200 -
part3-catalog-1   | 172.18.0.6 - - [01/May/2023 21:32:11] "GET /stockName/BearCo2 HTTP/1.1" 200 -
part3-catalog-1   | 172.18.0.6 - - [01/May/2023 21:32:11] "GET /stockName/Cici2 HTTP/1.1" 200 -
part3-frontend-1  | 128.119.202.143 - - [01/May/2023 21:32:11] "GET /stockName/BearCo2 HTTP/1.1" 200 -
part3-frontend-1  | 128.119.202.143 - - [01/May/2023 21:32:11] "GET /stockName/Cici2 HTTP/1.1" 200 -
part3-frontend-1  | 128.119.202.143 - - [01/May/2023 21:32:11] "GET /stockName/FishCo2 HTTP/1.1" 200 -
part3-catalog-1   | 172.18.0.6 - - [01/May/2023 21:32:11] "GET /stockName/GameStart HTTP/1.1" 200 -
part3-frontend-1  | 128.119.202.143 - - [01/May/2023 21:32:11] "GET /stockName/GameStart HTTP/1.1" 200 -
part3-frontend-1  | 128.119.202.143 - - [01/May/2023 21:32:11] "GET /stockName/MenhirCo2 HTTP/1.1" 200 -
part3-frontend-1  | 128.119.202.143 - - [01/May/2023 21:32:11] "GET /stockName/MenhirCo HTTP/1.1" 200 -
part3-frontend-1  | 128.119.202.143 - - [01/May/2023 21:32:11] "GET /stockName/FishCo HTTP/1.1" 200 -
part3-catalog-1   | 172.18.0.6 - - [01/May/2023 21:32:11] "GET /stockName/BearCo2 HTTP/1.1" 200 -
part3-frontend-1  | 128.119.202.143 - - [01/May/2023 21:32:11] "POST /orders HTTP/1.1" 308 -
part3-frontend-1  | 128.119.202.143 - - [01/May/2023 21:32:11] "GET /stockName/BearCo2 HTTP/1.1" 200 -
part3-frontend-1  | 128.119.202.143 - - [01/May/2023 21:32:11] "GET /stockName/FishCo2 HTTP/1.1" 200 -
part3-frontend-1  | 128.119.202.143 - - [01/May/2023 21:32:11] "POST /orders HTTP/1.1" 308 -
part3-frontend-1  | 128.119.202.143 - - [01/May/2023 21:32:11] "GET /stockName/MenhirCo2 HTTP/1.1" 200 -
part3-catalog-1   | 172.18.0.6 - - [01/May/2023 21:32:11] "GET /stockName/BearCo HTTP/1.1" 200 -
part3-frontend-1  | 128.119.202.143 - - [01/May/2023 21:32:11] "GET /stockName/BearCo HTTP/1.1" 200 -
part3-catalog-1   | 172.18.0.4 - - [01/May/2023 21:32:11] "POST /orders HTTP/1.1" 308 -
part3-catalog-1   | 172.18.0.4 - - [01/May/2023 21:32:11] "POST /orders/ HTTP/1.1" 200 -
part3-order1-1    | 172.18.0.4 - - [01/May/2023 21:32:11] "POST /replica_orders HTTP/1.1" 200 -
part3-order2-1    | 172.18.0.4 - - [01/May/2023 21:32:11] "POST /replica_orders HTTP/1.1" 200 -
part3-frontend-1  | 172.18.0.4 - - [01/May/2023 21:32:11] "DELETE /stockName/GameStart HTTP/1.1" 200 -
part3-order3-1    | 172.18.0.6 - - [01/May/2023 21:32:11] "POST /orders HTTP/1.1" 200 -
part3-frontend-1  | 128.119.202.143 - - [01/May/2023 21:32:11] "POST /orders/ HTTP/1.1" 200 -
part3-frontend-1  | 128.119.202.143 - - [01/May/2023 21:32:11] "GET /stockName/MenhirCo HTTP/1.1" 200 -
part3-catalog-1   | 172.18.0.4 - - [01/May/2023 21:32:11] "POST /orders HTTP/1.1" 308 -
part3-catalog-1   | 172.18.0.4 - - [01/May/2023 21:32:11] "POST /orders/ HTTP/1.1" 200 -
part3-order1-1    | 172.18.0.4 - - [01/May/2023 21:32:11] "POST /replica_orders HTTP/1.1" 200 -
part3-frontend-1  | 128.119.202.143 - - [01/May/2023 21:32:11] "GET /stockName/FishCo HTTP/1.1" 200 -
part3-frontend-1  | 128.119.202.143 - - [01/May/2023 21:32:11] "GET /stockName/FishCo HTTP/1.1" 200 -
part3-order2-1    | 172.18.0.4 - - [01/May/2023 21:32:11] "POST /replica_orders HTTP/1.1" 200 -
part3-frontend-1  | 172.18.0.4 - - [01/May/2023 21:32:11] "DELETE /stockName/MenhirCo HTTP/1.1" 200 -
part3-order3-1    | 172.18.0.6 - - [01/May/2023 21:32:11] "POST /orders HTTP/1.1" 200 -
part3-frontend-1  | 128.119.202.143 - - [01/May/2023 21:32:11] "POST /orders/ HTTP/1.1" 200 -
part3-catalog-1   | 172.18.0.6 - - [01/May/2023 21:32:11] "GET /stockName/GameStart HTTP/1.1" 200 -
part3-frontend-1  | 128.119.202.143 - - [01/May/2023 21:32:11] "GET /stockName/GameStart HTTP/1.1" 200 -
part3-frontend-1  | 128.119.202.143 - - [01/May/2023 21:32:11] "GET /stockName/FishCo2 HTTP/1.1" 200 -
part3-frontend-1  | 128.119.202.143 - - [01/May/2023 21:32:11] "GET /stockName/MenhirCo2 HTTP/1.1" 200 -
part3-frontend-1  | 128.119.202.143 - - [01/May/2023 21:32:11] "GET /stockName/FishCo HTTP/1.1" 200 -
part3-frontend-1  | 128.119.202.143 - - [01/May/2023 21:32:11] "GET /stockName/FishCo2 HTTP/1.1" 200 -
part3-catalog-1   | 172.18.0.6 - - [01/May/2023 21:32:11] "GET /stockName/GameStart2 HTTP/1.1" 200 -
part3-frontend-1  | 128.119.202.143 - - [01/May/2023 21:32:11] "GET /stockName/GameStart2 HTTP/1.1" 200 -
part3-frontend-1  | 128.119.202.143 - - [01/May/2023 21:32:11] "GET /stockName/GameStart HTTP/1.1" 200 -
part3-frontend-1  | 128.119.202.143 - - [01/May/2023 21:32:11] "POST /orders HTTP/1.1" 308 -
part3-frontend-1  | 128.119.202.143 - - [01/May/2023 21:32:11] "GET /stockName/MenhirCo2 HTTP/1.1" 200 -
part3-catalog-1   | 172.18.0.6 - - [01/May/2023 21:32:11] "GET /stockName/BearCo HTTP/1.1" 200 -
part3-frontend-1  | 128.119.202.143 - - [01/May/2023 21:32:11] "POST /orders HTTP/1.1" 308 -
part3-frontend-1  | 128.119.202.143 - - [01/May/2023 21:32:11] "GET /stockName/BearCo HTTP/1.1" 200 -
part3-frontend-1  | 128.119.202.143 - - [01/May/2023 21:32:11] "GET /stockName/GameStart HTTP/1.1" 200 -
part3-frontend-1  | 128.119.202.143 - - [01/May/2023 21:32:11] "GET /stockName/Cici2 HTTP/1.1" 200 -
part3-frontend-1  | 128.119.202.143 - - [01/May/2023 21:32:11] "GET /stockName/GameStart2 HTTP/1.1" 200 -
part3-catalog-1   | 172.18.0.4 - - [01/May/2023 21:32:11] "POST /orders HTTP/1.1" 308 -
part3-catalog-1   | 172.18.0.4 - - [01/May/2023 21:32:11] "POST /orders HTTP/1.1" 308 -
part3-catalog-1   | 172.18.0.4 - - [01/May/2023 21:32:11] "POST /orders/ HTTP/1.1" 200 -
part3-catalog-1   | 172.18.0.4 - - [01/May/2023 21:32:11] "POST /orders/ HTTP/1.1" 200 -
part3-order1-1    | 172.18.0.4 - - [01/May/2023 21:32:11] "POST /replica_orders HTTP/1.1" 200 -
part3-catalog-1   | 172.18.0.6 - - [01/May/2023 21:32:11] "GET /stockName/MenhirCo HTTP/1.1" 200 -
part3-frontend-1  | 128.119.202.143 - - [01/May/2023 21:32:11] "GET /stockName/MenhirCo HTTP/1.1" 200 -
part3-order2-1    | 172.18.0.4 - - [01/May/2023 21:32:11] "POST /replica_orders HTTP/1.1" 200 -
part3-frontend-1  | 172.18.0.4 - - [01/May/2023 21:32:11] "DELETE /stockName/FishCo HTTP/1.1" 200 -
part3-order3-1    | 172.18.0.6 - - [01/May/2023 21:32:11] "POST /orders HTTP/1.1" 200 -
part3-frontend-1  | 128.119.202.143 - - [01/May/2023 21:32:11] "POST /orders/ HTTP/1.1" 200 -
part3-order1-1    | 172.18.0.4 - - [01/May/2023 21:32:11] "POST /replica_orders HTTP/1.1" 200 -
part3-order2-1    | 172.18.0.4 - - [01/May/2023 21:32:11] "POST /replica_orders HTTP/1.1" 200 -
part3-frontend-1  | 172.18.0.4 - - [01/May/2023 21:32:11] "DELETE /stockName/MenhirCo2 HTTP/1.1" 200 -
part3-order3-1    | 172.18.0.6 - - [01/May/2023 21:32:11] "POST /orders HTTP/1.1" 200 -
part3-frontend-1  | 128.119.202.143 - - [01/May/2023 21:32:11] "POST /orders/ HTTP/1.1" 200 -
part3-frontend-1  | 128.119.202.143 - - [01/May/2023 21:32:12] "GET /stockName/GameStart HTTP/1.1" 200 -
part3-catalog-1   | 172.18.0.6 - - [01/May/2023 21:32:12] "GET /stockName/MenhirCo2 HTTP/1.1" 200 -
part3-frontend-1  | 128.119.202.143 - - [01/May/2023 21:32:12] "POST /orders HTTP/1.1" 308 -
part3-frontend-1  | 128.119.202.143 - - [01/May/2023 21:32:12] "GET /stockName/MenhirCo2 HTTP/1.1" 200 -
part3-catalog-1   | 172.18.0.6 - - [01/May/2023 21:32:12] "GET /stockName/BearCo2 HTTP/1.1" 200 -
part3-catalog-1   | 172.18.0.6 - - [01/May/2023 21:32:12] "GET /stockName/FishCo HTTP/1.1" 200 -
part3-frontend-1  | 128.119.202.143 - - [01/May/2023 21:32:12] "GET /stockName/BearCo2 HTTP/1.1" 200 -
part3-frontend-1  | 128.119.202.143 - - [01/May/2023 21:32:12] "GET /stockName/FishCo HTTP/1.1" 200 -
part3-frontend-1  | 128.119.202.143 - - [01/May/2023 21:32:12] "POST /orders HTTP/1.1" 308 -
part3-frontend-1  | 128.119.202.143 - - [01/May/2023 21:32:12] "GET /stockName/Cici2 HTTP/1.1" 200 -
part3-catalog-1   | 172.18.0.4 - - [01/May/2023 21:32:12] "POST /orders HTTP/1.1" 308 -
part3-catalog-1   | 172.18.0.4 - - [01/May/2023 21:32:12] "POST /orders/ HTTP/1.1" 200 -
part3-order1-1    | 172.18.0.4 - - [01/May/2023 21:32:12] "POST /replica_orders HTTP/1.1" 200 -
part3-order2-1    | 172.18.0.4 - - [01/May/2023 21:32:12] "POST /replica_orders HTTP/1.1" 200 -
part3-frontend-1  | 172.18.0.4 - - [01/May/2023 21:32:12] "DELETE /stockName/MenhirCo HTTP/1.1" 200 -
part3-order3-1    | 172.18.0.6 - - [01/May/2023 21:32:12] "POST /orders HTTP/1.1" 200 -
part3-frontend-1  | 128.119.202.143 - - [01/May/2023 21:32:12] "POST /orders/ HTTP/1.1" 200 -
part3-frontend-1  | 128.119.202.143 - - [01/May/2023 21:32:12] "GET /stockName/FishCo HTTP/1.1" 200 -
part3-frontend-1  | 128.119.202.143 - - [01/May/2023 21:32:12] "GET /stockName/FishCo2 HTTP/1.1" 200 -
part3-catalog-1   | 172.18.0.4 - - [01/May/2023 21:32:12] "POST /orders HTTP/1.1" 308 -
part3-catalog-1   | 172.18.0.4 - - [01/May/2023 21:32:12] "POST /orders/ HTTP/1.1" 200 -
part3-order1-1    | 172.18.0.4 - - [01/May/2023 21:32:12] "POST /replica_orders HTTP/1.1" 200 -
part3-order2-1    | 172.18.0.4 - - [01/May/2023 21:32:12] "POST /replica_orders HTTP/1.1" 200 -
part3-frontend-1  | 172.18.0.4 - - [01/May/2023 21:32:12] "DELETE /stockName/MenhirCo2 HTTP/1.1" 200 -
part3-order3-1    | 172.18.0.6 - - [01/May/2023 21:32:12] "POST /orders HTTP/1.1" 200 -
part3-frontend-1  | 128.119.202.143 - - [01/May/2023 21:32:12] "POST /orders/ HTTP/1.1" 200 -
part3-frontend-1  | 128.119.202.143 - - [01/May/2023 21:32:12] "POST /orders HTTP/1.1" 308 -
part3-frontend-1  | 128.119.202.143 - - [01/May/2023 21:32:12] "GET /stockName/GameStart HTTP/1.1" 200 -
part3-frontend-1  | 128.119.202.143 - - [01/May/2023 21:32:12] "GET /stockName/FishCo2 HTTP/1.1" 200 -
part3-catalog-1   | 172.18.0.4 - - [01/May/2023 21:32:12] "POST /orders HTTP/1.1" 308 -
part3-catalog-1   | 172.18.0.4 - - [01/May/2023 21:32:12] "POST /orders/ HTTP/1.1" 200 -
part3-order1-1    | 172.18.0.4 - - [01/May/2023 21:32:12] "POST /replica_orders HTTP/1.1" 200 -
part3-order2-1    | 172.18.0.4 - - [01/May/2023 21:32:12] "POST /replica_orders HTTP/1.1" 200 -
part3-frontend-1  | 172.18.0.4 - - [01/May/2023 21:32:12] "DELETE /stockName/FishCo HTTP/1.1" 200 -
part3-order3-1    | 172.18.0.6 - - [01/May/2023 21:32:12] "POST /orders HTTP/1.1" 200 -
part3-frontend-1  | 128.119.202.143 - - [01/May/2023 21:32:12] "POST /orders/ HTTP/1.1" 200 -
part3-frontend-1  | 128.119.202.143 - - [01/May/2023 21:32:12] "POST /orders HTTP/1.1" 308 -
part3-frontend-1  | 128.119.202.143 - - [01/May/2023 21:32:12] "POST /orders HTTP/1.1" 308 -
part3-catalog-1   | 172.18.0.6 - - [01/May/2023 21:32:12] "GET /stockName/MenhirCo2 HTTP/1.1" 200 -
part3-frontend-1  | 128.119.202.143 - - [01/May/2023 21:32:12] "GET /stockName/MenhirCo2 HTTP/1.1" 200 -
part3-catalog-1   | 172.18.0.4 - - [01/May/2023 21:32:12] "POST /orders HTTP/1.1" 308 -
part3-catalog-1   | 172.18.0.4 - - [01/May/2023 21:32:12] "POST /orders/ HTTP/1.1" 200 -
part3-order1-1    | 172.18.0.4 - - [01/May/2023 21:32:12] "POST /replica_orders HTTP/1.1" 200 -
part3-order2-1    | 172.18.0.4 - - [01/May/2023 21:32:12] "POST /replica_orders HTTP/1.1" 200 -
part3-frontend-1  | 172.18.0.4 - - [01/May/2023 21:32:12] "DELETE /stockName/GameStart HTTP/1.1" 200 -
part3-order3-1    | 172.18.0.6 - - [01/May/2023 21:32:12] "POST /orders HTTP/1.1" 200 -
part3-frontend-1  | 128.119.202.143 - - [01/May/2023 21:32:12] "POST /orders/ HTTP/1.1" 200 -
part3-catalog-1   | 172.18.0.4 - - [01/May/2023 21:32:12] "POST /orders HTTP/1.1" 308 -
part3-catalog-1   | 172.18.0.4 - - [01/May/2023 21:32:12] "POST /orders/ HTTP/1.1" 200 -
part3-order1-1    | 172.18.0.4 - - [01/May/2023 21:32:12] "POST /replica_orders HTTP/1.1" 200 -
part3-order2-1    | 172.18.0.4 - - [01/May/2023 21:32:12] "POST /replica_orders HTTP/1.1" 200 -
part3-frontend-1  | 172.18.0.4 - - [01/May/2023 21:32:12] "DELETE /stockName/FishCo2 HTTP/1.1" 200 -
part3-order3-1    | 172.18.0.6 - - [01/May/2023 21:32:12] "POST /orders HTTP/1.1" 200 -
part3-frontend-1  | 128.119.202.143 - - [01/May/2023 21:32:12] "POST /orders/ HTTP/1.1" 200 -
part3-catalog-1   | 172.18.0.6 - - [01/May/2023 21:32:12] "GET /stockName/FishCo HTTP/1.1" 200 -
part3-frontend-1  | 128.119.202.143 - - [01/May/2023 21:32:12] "GET /stockName/FishCo HTTP/1.1" 200 -
part3-frontend-1  | 128.119.202.143 - - [01/May/2023 21:32:12] "GET /stockName/MenhirCo2 HTTP/1.1" 200 -
part3-frontend-1  | 128.119.202.143 - - [01/May/2023 21:32:12] "GET /stockName/Cici HTTP/1.1" 200 -
part3-frontend-1  | 128.119.202.143 - - [01/May/2023 21:32:12] "GET /stockName/GameStart2 HTTP/1.1" 200 -
part3-frontend-1  | 128.119.202.143 - - [01/May/2023 21:32:13] "GET /stockName/FishCo HTTP/1.1" 200 -
part3-catalog-1   | 172.18.0.6 - - [01/May/2023 21:32:13] "GET /stockName/MenhirCo HTTP/1.1" 200 -
part3-frontend-1  | 128.119.202.143 - - [01/May/2023 21:32:13] "GET /stockName/MenhirCo HTTP/1.1" 200 -
part3-frontend-1  | 128.119.202.143 - - [01/May/2023 21:32:13] "POST /orders HTTP/1.1" 308 -
part3-catalog-1   | 172.18.0.6 - - [01/May/2023 21:32:13] "GET /stockName/BearCo2 HTTP/1.1" 200 -
part3-frontend-1  | 128.119.202.143 - - [01/May/2023 21:32:13] "GET /stockName/BearCo2 HTTP/1.1" 200 -
part3-frontend-1  | 128.119.202.143 - - [01/May/2023 21:32:13] "GET /stockName/Cici HTTP/1.1" 200 -
part3-catalog-1   | 172.18.0.4 - - [01/May/2023 21:32:13] "POST /orders HTTP/1.1" 308 -
part3-catalog-1   | 172.18.0.4 - - [01/May/2023 21:32:13] "POST /orders/ HTTP/1.1" 200 -
part3-order1-1    | 172.18.0.4 - - [01/May/2023 21:32:13] "POST /replica_orders HTTP/1.1" 200 -
part3-order2-1    | 172.18.0.4 - - [01/May/2023 21:32:13] "POST /replica_orders HTTP/1.1" 200 -
part3-frontend-1  | 172.18.0.4 - - [01/May/2023 21:32:13] "DELETE /stockName/MenhirCo HTTP/1.1" 200 -
part3-order3-1    | 172.18.0.6 - - [01/May/2023 21:32:13] "POST /orders HTTP/1.1" 200 -
part3-frontend-1  | 128.119.202.143 - - [01/May/2023 21:32:13] "POST /orders/ HTTP/1.1" 200 -
part3-frontend-1  | 128.119.202.143 - - [01/May/2023 21:32:13] "GET /stockName/FishCo HTTP/1.1" 200 -
part3-frontend-1  | 128.119.202.143 - - [01/May/2023 21:32:13] "POST /orders HTTP/1.1" 308 -
part3-catalog-1   | 172.18.0.4 - - [01/May/2023 21:32:13] "POST /orders HTTP/1.1" 308 -
part3-catalog-1   | 172.18.0.4 - - [01/May/2023 21:32:13] "POST /orders/ HTTP/1.1" 200 -
part3-order1-1    | 172.18.0.4 - - [01/May/2023 21:32:13] "POST /replica_orders HTTP/1.1" 200 -
part3-order2-1    | 172.18.0.4 - - [01/May/2023 21:32:13] "POST /replica_orders HTTP/1.1" 200 -
part3-frontend-1  | 172.18.0.4 - - [01/May/2023 21:32:13] "DELETE /stockName/FishCo HTTP/1.1" 200 -
part3-order3-1    | 172.18.0.6 - - [01/May/2023 21:32:13] "POST /orders HTTP/1.1" 200 -
part3-frontend-1  | 128.119.202.143 - - [01/May/2023 21:32:13] "POST /orders/ HTTP/1.1" 200 -