part3-frontend-1  | 128.119.202.143 - - [01/May/2023 21:17:48] "POST /orders/ HTTP/1.1" 200 -
part3-catalog-1   | 172.18.0.6 - - [01/May/2023 21:17:48] "GET /stockName/BearCo HTTP/1.1" 200 -
part3-frontend-1  | 128.119.202.143 - - [01/May/2023 21:17:48] "GET /stockName/BearCo HTTP/1.1" 200 -
part3-frontend-1  | 128.119.202.143 - - [01/May/2023 21:17:48] "GET /stockName/GameStart2 HTTP/1.1" 200 -
part3-frontend-1  | 128.119.202.143 - - [01/May/2023 21:17:48] "GET /stockName/GameStart2 HTTP/1.1" 200 -
part3-catalog-1   | 172.18.0.6 - - [01/May/2023 21:17:48] "GET /stockName/FishCo2 HTTP/1.1" 200 -
part3-frontend-1  | 128.119.202.143 - - [01/May/2023 21:17:48] "GET /stockName/FishCo2 HTTP/1.1" 200 -
part3-catalog-1   | 172.18.0.6 - - [01/May/2023 21:17:48] "GET /stockName/Cici HTTP/1.1" 200 -
part3-catalog-1   | 172.18.0.6 - - [01/May/2023 21:17:48] "GET /stockName/BearCo2 HTTP/1.1" 200 -
part3-frontend-1  | 128.119.202.143 - - [01/May/2023 21:17:48] "GET /stockName/Cici HTTP/1.1" 200 -
part3-frontend-1  | 128.119.202.143 - - [01/May/2023 21:17:48] "GET /stockName/BearCo2 HTTP/1.1" 200 -
part3-frontend-1  | 128.119.202.143 - - [01/May/2023 21:17:48] "POST /orders HTTP/1.1" 308 -
part3-frontend-1  | 128.119.202.143 - - [01/May/2023 21:17:48] "GET /stockName/GameStart2 HTTP/1.1" 200 -
part3-catalog-1   | 172.18.0.6 - - [01/May/2023 21:17:48] "GET /stockName/BearCo HTTP/1.1" 200 -
part3-catalog-1   | 172.18.0.4 - - [01/May/2023 21:17:48] "POST /orders HTTP/1.1" 308 -
part3-frontend-1  | 128.119.202.143 - - [01/May/2023 21:17:48] "GET /stockName/BearCo HTTP/1.1" 200 -
part3-catalog-1   | 172.18.0.4 - - [01/May/2023 21:17:48] "POST /orders/ HTTP/1.1" 200 -
part3-order1-1    | 172.18.0.4 - - [01/May/2023 21:17:48] "POST /replica_orders HTTP/1.1" 200 -
part3-order2-1    | 172.18.0.4 - - [01/May/2023 21:17:48] "POST /replica_orders HTTP/1.1" 200 -
part3-frontend-1  | 172.18.0.4 - - [01/May/2023 21:17:48] "DELETE /stockName/FishCo2 HTTP/1.1" 200 -
part3-order3-1    | 172.18.0.6 - - [01/May/2023 21:17:48] "POST /orders HTTP/1.1" 200 -
part3-frontend-1  | 128.119.202.143 - - [01/May/2023 21:17:48] "POST /orders/ HTTP/1.1" 200 -
part3-catalog-1   | 172.18.0.6 - - [01/May/2023 21:17:48] "GET /stockName/BearCo HTTP/1.1" 200 -
part3-frontend-1  | 128.119.202.143 - - [01/May/2023 21:17:48] "GET /stockName/BearCo HTTP/1.1" 200 -
part3-catalog-1   | 172.18.0.6 - - [01/May/2023 21:17:48] "GET /stockName/MenhirCo HTTP/1.1" 200 -
part3-frontend-1  | 128.119.202.143 - - [01/May/2023 21:17:48] "GET /stockName/MenhirCo HTTP/1.1" 200 -
part3-catalog-1   | 172.18.0.6 - - [01/May/2023 21:17:48] "GET /stockName/FishCo HTTP/1.1" 200 -
part3-frontend-1  | 128.119.202.143 - - [01/May/2023 21:17:48] "GET /stockName/FishCo HTTP/1.1" 200 -
part3-frontend-1  | 128.119.202.143 - - [01/May/2023 21:17:48] "POST /orders HTTP/1.1" 308 -
part3-frontend-1  | 128.119.202.143 - - [01/May/2023 21:17:48] "GET /stockName/MenhirCo HTTP/1.1" 200 -
part3-catalog-1   | 172.18.0.6 - - [01/May/2023 21:17:48] "GET /stockName/FishCo2 HTTP/1.1" 200 -
part3-frontend-1  | 128.119.202.143 - - [01/May/2023 21:17:48] "GET /stockName/FishCo2 HTTP/1.1" 200 -
part3-frontend-1  | 128.119.202.143 - - [01/May/2023 21:17:48] "POST /orders HTTP/1.1" 308 -
part3-frontend-1  | 128.119.202.143 - - [01/May/2023 21:17:48] "POST /orders HTTP/1.1" 308 -
part3-catalog-1   | 172.18.0.4 - - [01/May/2023 21:17:48] "POST /orders HTTP/1.1" 308 -
part3-catalog-1   | 172.18.0.4 - - [01/May/2023 21:17:48] "POST /orders/ HTTP/1.1" 200 -
part3-order1-1    | 172.18.0.4 - - [01/May/2023 21:17:48] "POST /replica_orders HTTP/1.1" 200 -
part3-order2-1    | 172.18.0.4 - - [01/May/2023 21:17:48] "POST /replica_orders HTTP/1.1" 200 -
part3-frontend-1  | 172.18.0.4 - - [01/May/2023 21:17:48] "DELETE /stockName/MenhirCo HTTP/1.1" 200 -
part3-order3-1    | 172.18.0.6 - - [01/May/2023 21:17:48] "POST /orders HTTP/1.1" 200 -
part3-frontend-1  | 128.119.202.143 - - [01/May/2023 21:17:48] "POST /orders/ HTTP/1.1" 200 -
part3-catalog-1   | 172.18.0.6 - - [01/May/2023 21:17:48] "GET /stockName/Cici2 HTTP/1.1" 200 -
part3-frontend-1  | 128.119.202.143 - - [01/May/2023 21:17:48] "GET /stockName/Cici2 HTTP/1.1" 200 -
part3-catalog-1   | 172.18.0.4 - - [01/May/2023 21:17:48] "POST /orders HTTP/1.1" 308 -
part3-catalog-1   | 172.18.0.4 - - [01/May/2023 21:17:48] "POST /orders HTTP/1.1" 308 -
part3-catalog-1   | 172.18.0.4 - - [01/May/2023 21:17:48] "POST /orders/ HTTP/1.1" 200 -
part3-catalog-1   | 172.18.0.4 - - [01/May/2023 21:17:48] "POST /orders/ HTTP/1.1" 200 -
part3-order1-1    | 172.18.0.4 - - [01/May/2023 21:17:48] "POST /replica_orders HTTP/1.1" 200 -
part3-order2-1    | 172.18.0.4 - - [01/May/2023 21:17:48] "POST /replica_orders HTTP/1.1" 200 -
part3-frontend-1  | 172.18.0.4 - - [01/May/2023 21:17:48] "DELETE /stockName/MenhirCo HTTP/1.1" 200 -
part3-order3-1    | 172.18.0.6 - - [01/May/2023 21:17:48] "POST /orders HTTP/1.1" 200 -
part3-frontend-1  | 128.119.202.143 - - [01/May/2023 21:17:48] "POST /orders/ HTTP/1.1" 200 -
part3-order1-1    | 172.18.0.4 - - [01/May/2023 21:17:48] "POST /replica_orders HTTP/1.1" 200 -
part3-order2-1    | 172.18.0.4 - - [01/May/2023 21:17:48] "POST /replica_orders HTTP/1.1" 200 -
part3-frontend-1  | 172.18.0.4 - - [01/May/2023 21:17:48] "DELETE /stockName/FishCo2 HTTP/1.1" 200 -
part3-order3-1    | 172.18.0.6 - - [01/May/2023 21:17:49] "POST /orders HTTP/1.1" 200 -
part3-frontend-1  | 128.119.202.143 - - [01/May/2023 21:17:49] "POST /orders/ HTTP/1.1" 200 -
part3-frontend-1  | 128.119.202.143 - - [01/May/2023 21:17:49] "POST /orders HTTP/1.1" 308 -
part3-frontend-1  | 128.119.202.143 - - [01/May/2023 21:17:49] "GET /stockName/GameStart2 HTTP/1.1" 200 -
part3-catalog-1   | 172.18.0.4 - - [01/May/2023 21:17:49] "POST /orders HTTP/1.1" 308 -
part3-catalog-1   | 172.18.0.4 - - [01/May/2023 21:17:49] "POST /orders/ HTTP/1.1" 200 -
part3-order1-1    | 172.18.0.4 - - [01/May/2023 21:17:49] "POST /replica_orders HTTP/1.1" 200 -
part3-order2-1    | 172.18.0.4 - - [01/May/2023 21:17:49] "POST /replica_orders HTTP/1.1" 200 -
part3-frontend-1  | 172.18.0.4 - - [01/May/2023 21:17:49] "DELETE /stockName/Cici2 HTTP/1.1" 200 -
part3-order3-1    | 172.18.0.6 - - [01/May/2023 21:17:49] "POST /orders HTTP/1.1" 200 -
part3-frontend-1  | 128.119.202.143 - - [01/May/2023 21:17:49] "POST /orders/ HTTP/1.1" 200 -
part3-frontend-1  | 128.119.202.143 - - [01/May/2023 21:17:49] "POST /orders HTTP/1.1" 308 -
part3-frontend-1  | 128.119.202.143 - - [01/May/2023 21:17:49] "GET /stockName/GameStart HTTP/1.1" 200 -
part3-catalog-1   | 172.18.0.4 - - [01/May/2023 21:17:49] "POST /orders HTTP/1.1" 308 -
part3-catalog-1   | 172.18.0.4 - - [01/May/2023 21:17:49] "POST /orders/ HTTP/1.1" 200 -
part3-order1-1    | 172.18.0.4 - - [01/May/2023 21:17:49] "POST /replica_orders HTTP/1.1" 200 -
part3-order2-1    | 172.18.0.4 - - [01/May/2023 21:17:49] "POST /replica_orders HTTP/1.1" 200 -
part3-frontend-1  | 172.18.0.4 - - [01/May/2023 21:17:49] "DELETE /stockName/GameStart2 HTTP/1.1" 200 -
part3-order3-1    | 172.18.0.6 - - [01/May/2023 21:17:49] "POST /orders HTTP/1.1" 200 -
part3-frontend-1  | 128.119.202.143 - - [01/May/2023 21:17:49] "POST /orders/ HTTP/1.1" 200 -
part3-frontend-1  | 128.119.202.143 - - [01/May/2023 21:18:04] "GET /stockName/Cici HTTP/1.1" 200 -
part3-catalog-1   | 172.18.0.6 - - [01/May/2023 21:18:04] "GET /stockName/GameStart2 HTTP/1.1" 200 -
part3-frontend-1  | 128.119.202.143 - - [01/May/2023 21:18:04] "GET /stockName/GameStart2 HTTP/1.1" 200 -
part3-catalog-1   | 172.18.0.6 - - [01/May/2023 21:18:04] "GET /stockName/Cici2 HTTP/1.1" 200 -
part3-catalog-1   | 172.18.0.6 - - [01/May/2023 21:18:04] "GET /stockName/Cici2 HTTP/1.1" 200 -
part3-catalog-1   | 172.18.0.6 - - [01/May/2023 21:18:04] "GET /stockName/BearCo2 HTTP/1.1" 200 -
part3-frontend-1  | 128.119.202.143 - - [01/May/2023 21:18:04] "GET /stockName/Cici2 HTTP/1.1" 200 -
part3-frontend-1  | 128.119.202.143 - - [01/May/2023 21:18:04] "GET /stockName/BearCo2 HTTP/1.1" 200 -
part3-frontend-1  | 128.119.202.143 - - [01/May/2023 21:18:04] "GET /stockName/Cici2 HTTP/1.1" 200 -
part3-frontend-1  | 128.119.202.143 - - [01/May/2023 21:18:05] "GET /stockName/Cici2 HTTP/1.1" 200 -
part3-frontend-1  | 128.119.202.143 - - [01/May/2023 21:18:05] "GET /stockName/GameStart2 HTTP/1.1" 200 -
part3-catalog-1   | 172.18.0.6 - - [01/May/2023 21:18:05] "GET /stockName/FishCo2 HTTP/1.1" 200 -
part3-frontend-1  | 128.119.202.143 - - [01/May/2023 21:18:05] "GET /stockName/FishCo2 HTTP/1.1" 200 -
part3-frontend-1  | 128.119.202.143 - - [01/May/2023 21:18:05] "GET /stockName/FishCo HTTP/1.1" 200 -
part3-frontend-1  | 128.119.202.143 - - [01/May/2023 21:18:05] "POST /orders HTTP/1.1" 308 -
part3-frontend-1  | 128.119.202.143 - - [01/May/2023 21:18:05] "GET /stockName/GameStart HTTP/1.1" 200 -
part3-catalog-1   | 172.18.0.6 - - [01/May/2023 21:18:05] "GET /stockName/BearCo2 HTTP/1.1" 200 -
part3-catalog-1   | 172.18.0.6 - - [01/May/2023 21:18:05] "GET /stockName/MenhirCo2 HTTP/1.1" 200 -
part3-frontend-1  | 128.119.202.143 - - [01/May/2023 21:18:05] "GET /stockName/BearCo2 HTTP/1.1" 200 -
part3-frontend-1  | 128.119.202.143 - - [01/May/2023 21:18:05] "GET /stockName/MenhirCo2 HTTP/1.1" 200 -
part3-frontend-1  | 128.119.202.143 - - [01/May/2023 21:18:05] "POST /orders HTTP/1.1" 308 -
part3-frontend-1  | 128.119.202.143 - - [01/May/2023 21:18:05] "GET /stockName/Cici HTTP/1.1" 200 -
part3-catalog-1   | 172.18.0.4 - - [01/May/2023 21:18:05] "POST /orders HTTP/1.1" 308 -
part3-catalog-1   | 172.18.0.4 - - [01/May/2023 21:18:05] "POST /orders HTTP/1.1" 308 -
part3-catalog-1   | 172.18.0.4 - - [01/May/2023 21:18:05] "POST /orders/ HTTP/1.1" 200 -
part3-catalog-1   | 172.18.0.4 - - [01/May/2023 21:18:05] "POST /orders/ HTTP/1.1" 200 -
part3-order1-1    | 172.18.0.4 - - [01/May/2023 21:18:05] "POST /replica_orders HTTP/1.1" 200 -
part3-order2-1    | 172.18.0.4 - - [01/May/2023 21:18:05] "POST /replica_orders HTTP/1.1" 200 -
part3-frontend-1  | 172.18.0.4 - - [01/May/2023 21:18:05] "DELETE /stockName/FishCo HTTP/1.1" 200 -
part3-order3-1    | 172.18.0.6 - - [01/May/2023 21:18:05] "POST /orders HTTP/1.1" 200 -
part3-frontend-1  | 128.119.202.143 - - [01/May/2023 21:18:05] "POST /orders/ HTTP/1.1" 200 -
part3-order1-1    | 172.18.0.4 - - [01/May/2023 21:18:05] "POST /replica_orders HTTP/1.1" 200 -
part3-order2-1    | 172.18.0.4 - - [01/May/2023 21:18:05] "POST /replica_orders HTTP/1.1" 200 -
part3-frontend-1  | 172.18.0.4 - - [01/May/2023 21:18:05] "DELETE /stockName/GameStart2 HTTP/1.1" 200 -
part3-order3-1    | 172.18.0.6 - - [01/May/2023 21:18:05] "POST /orders HTTP/1.1" 200 -
part3-frontend-1  | 128.119.202.143 - - [01/May/2023 21:18:05] "POST /orders/ HTTP/1.1" 200 -
part3-frontend-1  | 128.119.202.143 - - [01/May/2023 21:18:05] "POST /orders HTTP/1.1" 308 -
part3-frontend-1  | 128.119.202.143 - - [01/May/2023 21:18:05] "GET /stockName/Cici HTTP/1.1" 200 -
part3-frontend-1  | 128.119.202.143 - - [01/May/2023 21:18:05] "GET /stockName/Cici HTTP/1.1" 200 -
part3-catalog-1   | 172.18.0.4 - - [01/May/2023 21:18:05] "POST /orders HTTP/1.1" 308 -
part3-catalog-1   | 172.18.0.4 - - [01/May/2023 21:18:05] "POST /orders/ HTTP/1.1" 200 -
part3-order1-1    | replica_orders received: {'transaction': {'name': 'FishCo', 'price': 9.99, 'quantity': 1469, 'trade_quantity': 100, 'type': 'sell', 'transaction_number': 1104}, 'leader_id': 2}
part3-order1-1    | replica_orders received: {'transaction': {'name': 'GameStart2', 'price': 15.99, 'quantity': 3414, 'trade_quantity': 57, 'type': 'buy', 'transaction_number': 1105}, 'leader_id': 2}
part3-order1-1    | replica_orders received: {'transaction': {'name': 'Cici2', 'price': 10.99, 'quantity': 5160, 'trade_quantity': 100, 'type': 'sell', 'transaction_number': 1106}, 'leader_id': 2}
part3-order1-1    | replica_orders received: {'transaction': {'name': 'GameStart2', 'price': 15.99, 'quantity': 3378, 'trade_quantity': 36, 'type': 'buy', 'transaction_number': 1107}, 'leader_id': 2}
part3-order1-1    | replica_orders received: {'transaction': {'name': 'GameStart', 'price': 15.99, 'quantity': 4306, 'trade_quantity': 100, 'type': 'sell', 'transaction_number': 1108}, 'leader_id': 2}
part3-order1-1    | replica_orders received: {'transaction': {'name': 'MenhirCo2', 'price': 20.99, 'quantity': 3652, 'trade_quantity': 4, 'type': 'buy', 'transaction_number': 1109}, 'leader_id': 2}
part3-order1-1    | replica_orders received: {'transaction': {'name': 'GameStart2', 'price': 15.99, 'quantity': 3317, 'trade_quantity': 61, 'type': 'buy', 'transaction_number': 1110}, 'leader_id': 2}
part3-order1-1    | replica_orders received: {'transaction': {'name': 'GameStart', 'price': 15.99, 'quantity': 4406, 'trade_quantity': 100, 'type': 'sell', 'transaction_number': 1111}, 'leader_id': 2}
part3-order1-1    | replica_orders received: {'transaction': {'name': 'MenhirCo2', 'price': 20.99, 'quantity': 3752, 'trade_quantity': 100, 'type': 'sell', 'transaction_number': 1112}, 'leader_id': 2}
part3-order1-1    | replica_orders received: {'transaction': {'name': 'Cici', 'price': 10.99, 'quantity': 3487, 'trade_quantity': 100, 'type': 'sell', 'transaction_number': 1113}, 'leader_id': 2}
part3-order1-1    | replica_orders received: {'transaction': {'name': 'GameStart', 'price': 15.99, 'quantity': 4506, 'trade_quantity': 100, 'type': 'sell', 'transaction_number': 1114}, 'leader_id': 2}
part3-order1-1    | replica_orders received: {'transaction': {'name': 'MenhirCo', 'price': 20.99, 'quantity': 3423, 'trade_quantity': 83, 'type': 'buy', 'transaction_number': 1115}, 'leader_id': 2}
part3-order1-1    | replica_orders received: {'transaction': {'name': 'FishCo2', 'price': 9.99, 'quantity': 3349, 'trade_quantity': 46, 'type': 'buy', 'transaction_number': 1116}, 'leader_id': 2}
part3-order1-1    | replica_orders received: {'transaction': {'name': 'MenhirCo2', 'price': 20.99, 'quantity': 3706, 'trade_quantity': 46, 'type': 'buy', 'transaction_number': 1117}, 'leader_id': 2}
part3-order1-1    | replica_orders received: {'transaction': {'name': 'GameStart2', 'price': 15.99, 'quantity': 3417, 'trade_quantity': 100, 'type': 'sell', 'transaction_number': 1118}, 'leader_id': 2}
part3-order1-1    | replica_orders received: {'transaction': {'name': 'GameStart2', 'price': 15.99, 'quantity': 3517, 'trade_quantity': 100, 'type': 'sell', 'transaction_number': 1119}, 'leader_id': 2}
part3-order1-1    | replica_orders received: {'transaction': {'name': 'FishCo', 'price': 9.99, 'quantity': 1569, 'trade_quantity': 100, 'type': 'sell', 'transaction_number': 1120}, 'leader_id': 2}
part3-order1-1    | replica_orders received: {'transaction': {'name': 'MenhirCo2', 'price': 20.99, 'quantity': 3642, 'trade_quantity': 64, 'type': 'buy', 'transaction_number': 1121}, 'leader_id': 2}
part3-order1-1    | replica_orders received: {'transaction': {'name': 'GameStart', 'price': 15.99, 'quantity': 4606, 'trade_quantity': 100, 'type': 'sell', 'transaction_number': 1122}, 'leader_id': 2}
part3-order1-1    | replica_orders received: {'transaction': {'name': 'GameStart2', 'price': 15.99, 'quantity': 3438, 'trade_quantity': 79, 'type': 'buy', 'transaction_number': 1123}, 'leader_id': 2}
part3-order1-1    | replica_orders received: {'transaction': {'name': 'FishCo2', 'price': 9.99, 'quantity': 3449, 'trade_quantity': 100, 'type': 'sell', 'transaction_number': 1124}, 'leader_id': 2}
part3-order1-1    | replica_orders received: {'transaction': {'name': 'GameStart', 'price': 15.99, 'quantity': 4706, 'trade_quantity': 100, 'type': 'sell', 'transaction_number': 1125}, 'leader_id': 2}
part3-order1-1    | replica_orders received: {'transaction': {'name': 'Cici2', 'price': 10.99, 'quantity': 5260, 'trade_quantity': 100, 'type': 'sell', 'transaction_number': 1126}, 'leader_id': 2}
part3-order1-1    | replica_orders received: {'transaction': {'name': 'MenhirCo', 'price': 20.99, 'quantity': 3346, 'trade_quantity': 77, 'type': 'buy', 'transaction_number': 1127}, 'leader_id': 2}
part3-order1-1    | replica_orders received: {'transaction': {'name': 'MenhirCo', 'price': 20.99, 'quantity': 3446, 'trade_quantity': 100, 'type': 'sell', 'transaction_number': 1128}, 'leader_id': 2}
part3-order1-1    | replica_orders received: {'transaction': {'name': 'Cici2', 'price': 10.99, 'quantity': 5360, 'trade_quantity': 100, 'type': 'sell', 'transaction_number': 1129}, 'leader_id': 2}
part3-order1-1    | replica_orders received: {'transaction': {'name': 'Cici', 'price': 10.99, 'quantity': 3475, 'trade_quantity': 12, 'type': 'buy', 'transaction_number': 1130}, 'leader_id': 2}
part3-order1-1    | replica_orders received: {'transaction': {'name': 'GameStart2', 'price': 15.99, 'quantity': 3430, 'trade_quantity': 8, 'type': 'buy', 'transaction_number': 1131}, 'leader_id': 2}
part3-order1-1    | replica_orders received: {'transaction': {'name': 'GameStart', 'price': 15.99, 'quantity': 4679, 'trade_quantity': 27, 'type': 'buy', 'transaction_number': 1132}, 'leader_id': 2}
part3-order1-1    | replica_orders received: {'transaction': {'name': 'Cici', 'price': 10.99, 'quantity': 3472, 'trade_quantity': 3, 'type': 'buy', 'transaction_number': 1133}, 'leader_id': 2}
part3-order1-1    | replica_orders received: {'transaction': {'name': 'GameStart', 'price': 15.99, 'quantity': 4639, 'trade_quantity': 40, 'type': 'buy', 'transaction_number': 1134}, 'leader_id': 2}
part3-order1-1    | replica_orders received: {'transaction': {'name': 'FishCo2', 'price': 9.99, 'quantity': 3549, 'trade_quantity': 100, 'type': 'sell', 'transaction_number': 1135}, 'leader_id': 2}
part3-order1-1    | replica_orders received: {'transaction': {'name': 'MenhirCo2', 'price': 20.99, 'quantity': 3557, 'trade_quantity': 85, 'type': 'buy', 'transaction_number': 1136}, 'leader_id': 2}
part3-order1-1    | replica_orders received: {'transaction': {'name': 'GameStart', 'price': 15.99, 'quantity': 4739, 'trade_quantity': 100, 'type': 'sell', 'transaction_number': 1137}, 'leader_id': 2}
part3-order1-1    | replica_orders received: {'transaction': {'name': 'GameStart2', 'price': 15.99, 'quantity': 3421, 'trade_quantity': 9, 'type': 'buy', 'transaction_number': 1138}, 'leader_id': 2}
part3-order1-1    | replica_orders received: {'transaction': {'name': 'Cici2', 'price': 10.99, 'quantity': 5293, 'trade_quantity': 67, 'type': 'buy', 'transaction_number': 1139}, 'leader_id': 2}
part3-order1-1    | replica_orders received: {'transaction': {'name': 'MenhirCo', 'price': 20.99, 'quantity': 3546, 'trade_quantity': 100, 'type': 'sell', 'transaction_number': 1140}, 'leader_id': 2}
part3-order1-1    | replica_orders received: {'transaction': {'name': 'FishCo2', 'price': 9.99, 'quantity': 3649, 'trade_quantity': 100, 'type': 'sell', 'transaction_number': 1141}, 'leader_id': 2}
part3-order1-1    | replica_orders received: {'transaction': {'name': 'MenhirCo', 'price': 20.99, 'quantity': 3646, 'trade_quantity': 100, 'type': 'sell', 'transaction_number': 1142}, 'leader_id': 2}
part3-order1-1    | replica_orders received: {'transaction': {'name': 'MenhirCo', 'price': 20.99, 'quantity': 3746, 'trade_quantity': 100, 'type': 'sell', 'transaction_number': 1143}, 'leader_id': 2}
part3-order1-1    | replica_orders received: {'transaction': {'name': 'FishCo2', 'price': 9.99, 'quantity': 3749, 'trade_quantity': 100, 'type': 'sell', 'transaction_number': 1144}, 'leader_id': 2}
part3-order1-1    | replica_orders received: {'transaction': {'name': 'Cici2', 'price': 10.99, 'quantity': 5199, 'trade_quantity': 94, 'type': 'buy', 'transaction_number': 1145}, 'leader_id': 2}
part3-order1-1    | replica_orders received: {'transaction': {'name': 'GameStart2', 'price': 15.99, 'quantity': 3367, 'trade_quantity': 54, 'type': 'buy', 'transaction_number': 1146}, 'leader_id': 2}
part3-order1-1    | replica_orders received: {'transaction': {'name': 'FishCo', 'price': 9.99, 'quantity': 1669, 'trade_quantity': 100, 'type': 'sell', 'transaction_number': 1147}, 'leader_id': 2}
part3-order1-1    | replica_orders received: {'transaction': {'name': 'GameStart2', 'price': 15.99, 'quantity': 3467, 'trade_quantity': 100, 'type': 'sell', 'transaction_number': 1148}, 'leader_id': 2}
part3-order1-1    | 172.18.0.4 - - [01/May/2023 21:18:05] "POST /replica_orders HTTP/1.1" 200 -
part3-order2-1    | replica_orders received: {'transaction': {'name': 'FishCo', 'price': 9.99, 'quantity': 1469, 'trade_quantity': 100, 'type': 'sell', 'transaction_number': 1104}, 'leader_id': 2}
part3-order2-1    | replica_orders received: {'transaction': {'name': 'GameStart2', 'price': 15.99, 'quantity': 3414, 'trade_quantity': 57, 'type': 'buy', 'transaction_number': 1105}, 'leader_id': 2}
part3-order2-1    | replica_orders received: {'transaction': {'name': 'Cici2', 'price': 10.99, 'quantity': 5160, 'trade_quantity': 100, 'type': 'sell', 'transaction_number': 1106}, 'leader_id': 2}
part3-order2-1    | replica_orders received: {'transaction': {'name': 'GameStart2', 'price': 15.99, 'quantity': 3378, 'trade_quantity': 36, 'type': 'buy', 'transaction_number': 1107}, 'leader_id': 2}
part3-order2-1    | replica_orders received: {'transaction': {'name': 'GameStart', 'price': 15.99, 'quantity': 4306, 'trade_quantity': 100, 'type': 'sell', 'transaction_number': 1108}, 'leader_id': 2}
part3-order2-1    | replica_orders received: {'transaction': {'name': 'MenhirCo2', 'price': 20.99, 'quantity': 3652, 'trade_quantity': 4, 'type': 'buy', 'transaction_number': 1109}, 'leader_id': 2}
part3-order2-1    | replica_orders received: {'transaction': {'name': 'GameStart2', 'price': 15.99, 'quantity': 3317, 'trade_quantity': 61, 'type': 'buy', 'transaction_number': 1110}, 'leader_id': 2}
part3-order2-1    | replica_orders received: {'transaction': {'name': 'GameStart', 'price': 15.99, 'quantity': 4406, 'trade_quantity': 100, 'type': 'sell', 'transaction_number': 1111}, 'leader_id': 2}
part3-order2-1    | replica_orders received: {'transaction': {'name': 'MenhirCo2', 'price': 20.99, 'quantity': 3752, 'trade_quantity': 100, 'type': 'sell', 'transaction_number': 1112}, 'leader_id': 2}
part3-order2-1    | replica_orders received: {'transaction': {'name': 'Cici', 'price': 10.99, 'quantity': 3487, 'trade_quantity': 100, 'type': 'sell', 'transaction_number': 1113}, 'leader_id': 2}
part3-order2-1    | replica_orders received: {'transaction': {'name': 'GameStart', 'price': 15.99, 'quantity': 4506, 'trade_quantity': 100, 'type': 'sell', 'transaction_number': 1114}, 'leader_id': 2}
part3-order2-1    | replica_orders received: {'transaction': {'name': 'MenhirCo', 'price': 20.99, 'quantity': 3423, 'trade_quantity': 83, 'type': 'buy', 'transaction_number': 1115}, 'leader_id': 2}
part3-order2-1    | replica_orders received: {'transaction': {'name': 'FishCo2', 'price': 9.99, 'quantity': 3349, 'trade_quantity': 46, 'type': 'buy', 'transaction_number': 1116}, 'leader_id': 2}
part3-order2-1    | replica_orders received: {'transaction': {'name': 'MenhirCo2', 'price': 20.99, 'quantity': 3706, 'trade_quantity': 46, 'type': 'buy', 'transaction_number': 1117}, 'leader_id': 2}
part3-order2-1    | replica_orders received: {'transaction': {'name': 'GameStart2', 'price': 15.99, 'quantity': 3417, 'trade_quantity': 100, 'type': 'sell', 'transaction_number': 1118}, 'leader_id': 2}
part3-order2-1    | replica_orders received: {'transaction': {'name': 'GameStart2', 'price': 15.99, 'quantity': 3517, 'trade_quantity': 100, 'type': 'sell', 'transaction_number': 1119}, 'leader_id': 2}
part3-order2-1    | replica_orders received: {'transaction': {'name': 'FishCo', 'price': 9.99, 'quantity': 1569, 'trade_quantity': 100, 'type': 'sell', 'transaction_number': 1120}, 'leader_id': 2}
part3-order2-1    | replica_orders received: {'transaction': {'name': 'MenhirCo2', 'price': 20.99, 'quantity': 3642, 'trade_quantity': 64, 'type': 'buy', 'transaction_number': 1121}, 'leader_id': 2}
part3-order2-1    | replica_orders received: {'transaction': {'name': 'GameStart', 'price': 15.99, 'quantity': 4606, 'trade_quantity': 100, 'type': 'sell', 'transaction_number': 1122}, 'leader_id': 2}
part3-order2-1    | replica_orders received: {'transaction': {'name': 'GameStart2', 'price': 15.99, 'quantity': 3438, 'trade_quantity': 79, 'type': 'buy', 'transaction_number': 1123}, 'leader_id': 2}
part3-order2-1    | replica_orders received: {'transaction': {'name': 'FishCo2', 'price': 9.99, 'quantity': 3449, 'trade_quantity': 100, 'type': 'sell', 'transaction_number': 1124}, 'leader_id': 2}
part3-order2-1    | replica_orders received: {'transaction': {'name': 'GameStart', 'price': 15.99, 'quantity': 4706, 'trade_quantity': 100, 'type': 'sell', 'transaction_number': 1125}, 'leader_id': 2}
part3-order2-1    | replica_orders received: {'transaction': {'name': 'Cici2', 'price': 10.99, 'quantity': 5260, 'trade_quantity': 100, 'type': 'sell', 'transaction_number': 1126}, 'leader_id': 2}
part3-order2-1    | replica_orders received: {'transaction': {'name': 'MenhirCo', 'price': 20.99, 'quantity': 3346, 'trade_quantity': 77, 'type': 'buy', 'transaction_number': 1127}, 'leader_id': 2}
part3-order2-1    | replica_orders received: {'transaction': {'name': 'MenhirCo', 'price': 20.99, 'quantity': 3446, 'trade_quantity': 100, 'type': 'sell', 'transaction_number': 1128}, 'leader_id': 2}
part3-order2-1    | replica_orders received: {'transaction': {'name': 'Cici2', 'price': 10.99, 'quantity': 5360, 'trade_quantity': 100, 'type': 'sell', 'transaction_number': 1129}, 'leader_id': 2}
part3-order2-1    | replica_orders received: {'transaction': {'name': 'Cici', 'price': 10.99, 'quantity': 3475, 'trade_quantity': 12, 'type': 'buy', 'transaction_number': 1130}, 'leader_id': 2}
part3-order2-1    | replica_orders received: {'transaction': {'name': 'GameStart2', 'price': 15.99, 'quantity': 3430, 'trade_quantity': 8, 'type': 'buy', 'transaction_number': 1131}, 'leader_id': 2}
part3-order2-1    | replica_orders received: {'transaction': {'name': 'GameStart', 'price': 15.99, 'quantity': 4679, 'trade_quantity': 27, 'type': 'buy', 'transaction_number': 1132}, 'leader_id': 2}
part3-order2-1    | replica_orders received: {'transaction': {'name': 'Cici', 'price': 10.99, 'quantity': 3472, 'trade_quantity': 3, 'type': 'buy', 'transaction_number': 1133}, 'leader_id': 2}
part3-order2-1    | replica_orders received: {'transaction': {'name': 'GameStart', 'price': 15.99, 'quantity': 4639, 'trade_quantity': 40, 'type': 'buy', 'transaction_number': 1134}, 'leader_id': 2}
part3-order2-1    | replica_orders received: {'transaction': {'name': 'FishCo2', 'price': 9.99, 'quantity': 3549, 'trade_quantity': 100, 'type': 'sell', 'transaction_number': 1135}, 'leader_id': 2}
part3-order2-1    | replica_orders received: {'transaction': {'name': 'MenhirCo2', 'price': 20.99, 'quantity': 3557, 'trade_quantity': 85, 'type': 'buy', 'transaction_number': 1136}, 'leader_id': 2}
part3-order2-1    | replica_orders received: {'transaction': {'name': 'GameStart', 'price': 15.99, 'quantity': 4739, 'trade_quantity': 100, 'type': 'sell', 'transaction_number': 1137}, 'leader_id': 2}
part3-order2-1    | replica_orders received: {'transaction': {'name': 'GameStart2', 'price': 15.99, 'quantity': 3421, 'trade_quantity': 9, 'type': 'buy', 'transaction_number': 1138}, 'leader_id': 2}
part3-order2-1    | replica_orders received: {'transaction': {'name': 'Cici2', 'price': 10.99, 'quantity': 5293, 'trade_quantity': 67, 'type': 'buy', 'transaction_number': 1139}, 'leader_id': 2}
part3-order2-1    | replica_orders received: {'transaction': {'name': 'MenhirCo', 'price': 20.99, 'quantity': 3546, 'trade_quantity': 100, 'type': 'sell', 'transaction_number': 1140}, 'leader_id': 2}
part3-order2-1    | replica_orders received: {'transaction': {'name': 'FishCo2', 'price': 9.99, 'quantity': 3649, 'trade_quantity': 100, 'type': 'sell', 'transaction_number': 1141}, 'leader_id': 2}
part3-order2-1    | replica_orders received: {'transaction': {'name': 'MenhirCo', 'price': 20.99, 'quantity': 3646, 'trade_quantity': 100, 'type': 'sell', 'transaction_number': 1142}, 'leader_id': 2}
part3-order2-1    | replica_orders received: {'transaction': {'name': 'MenhirCo', 'price': 20.99, 'quantity': 3746, 'trade_quantity': 100, 'type': 'sell', 'transaction_number': 1143}, 'leader_id': 2}
part3-order2-1    | replica_orders received: {'transaction': {'name': 'FishCo2', 'price': 9.99, 'quantity': 3749, 'trade_quantity': 100, 'type': 'sell', 'transaction_number': 1144}, 'leader_id': 2}
part3-order2-1    | replica_orders received: {'transaction': {'name': 'Cici2', 'price': 10.99, 'quantity': 5199, 'trade_quantity': 94, 'type': 'buy', 'transaction_number': 1145}, 'leader_id': 2}
part3-order2-1    | replica_orders received: {'transaction': {'name': 'GameStart2', 'price': 15.99, 'quantity': 3367, 'trade_quantity': 54, 'type': 'buy', 'transaction_number': 1146}, 'leader_id': 2}
part3-order2-1    | replica_orders received: {'transaction': {'name': 'FishCo', 'price': 9.99, 'quantity': 1669, 'trade_quantity': 100, 'type': 'sell', 'transaction_number': 1147}, 'leader_id': 2}
part3-order2-1    | replica_orders received: {'transaction': {'name': 'GameStart2', 'price': 15.99, 'quantity': 3467, 'trade_quantity': 100, 'type': 'sell', 'transaction_number': 1148}, 'leader_id': 2}
part3-frontend-1  | 128.119.202.143 - - [01/May/2023 21:18:05] "GET /stockName/Cici HTTP/1.1" 200 -
part3-frontend-1  | 128.119.202.143 - - [01/May/2023 21:18:05] "GET /stockName/MenhirCo2 HTTP/1.1" 200 -
part3-order2-1    | 172.18.0.4 - - [01/May/2023 21:18:05] "POST /replica_orders HTTP/1.1" 200 -
part3-frontend-1  | 172.18.0.4 - - [01/May/2023 21:18:05] "DELETE /stockName/Cici HTTP/1.1" 200 -
part3-order3-1    | 172.18.0.6 - - [01/May/2023 21:18:05] "POST /orders HTTP/1.1" 200 -
part3-frontend-1  | 128.119.202.143 - - [01/May/2023 21:18:05] "POST /orders/ HTTP/1.1" 200 -
part3-catalog-1   | 172.18.0.6 - - [01/May/2023 21:18:05] "GET /stockName/BearCo HTTP/1.1" 200 -
part3-catalog-1   | 172.18.0.6 - - [01/May/2023 21:18:05] "GET /stockName/GameStart2 HTTP/1.1" 200 -
part3-frontend-1  | 128.119.202.143 - - [01/May/2023 21:18:05] "GET /stockName/BearCo HTTP/1.1" 200 -
part3-frontend-1  | 128.119.202.143 - - [01/May/2023 21:18:05] "GET /stockName/GameStart2 HTTP/1.1" 200 -
part3-catalog-1   | 172.18.0.6 - - [01/May/2023 21:18:05] "GET /stockName/MenhirCo HTTP/1.1" 200 -
part3-catalog-1   | 172.18.0.6 - - [01/May/2023 21:18:05] "GET /stockName/MenhirCo HTTP/1.1" 200 -
part3-frontend-1  | 128.119.202.143 - - [01/May/2023 21:18:05] "GET /stockName/MenhirCo HTTP/1.1" 200 -
part3-catalog-1   | 172.18.0.6 - - [01/May/2023 21:18:05] "GET /stockName/FishCo HTTP/1.1" 200 -
part3-frontend-1  | 128.119.202.143 - - [01/May/2023 21:18:05] "GET /stockName/MenhirCo HTTP/1.1" 200 -
part3-catalog-1   | 172.18.0.6 - - [01/May/2023 21:18:05] "GET /stockName/FishCo HTTP/1.1" 200 -
part3-frontend-1  | 128.119.202.143 - - [01/May/2023 21:18:05] "GET /stockName/FishCo HTTP/1.1" 200 -
part3-frontend-1  | 128.119.202.143 - - [01/May/2023 21:18:05] "GET /stockName/FishCo2 HTTP/1.1" 200 -
part3-frontend-1  | 128.119.202.143 - - [01/May/2023 21:18:05] "GET /stockName/FishCo HTTP/1.1" 200 -
part3-frontend-1  | 128.119.202.143 - - [01/May/2023 21:18:05] "GET /stockName/GameStart HTTP/1.1" 200 -
part3-frontend-1  | 128.119.202.143 - - [01/May/2023 21:18:05] "GET /stockName/FishCo2 HTTP/1.1" 200 -
part3-frontend-1  | 128.119.202.143 - - [01/May/2023 21:18:05] "GET /stockName/FishCo2 HTTP/1.1" 200 -
part3-frontend-1  | 128.119.202.143 - - [01/May/2023 21:18:05] "POST /orders HTTP/1.1" 308 -
part3-frontend-1  | 128.119.202.143 - - [01/May/2023 21:18:05] "GET /stockName/GameStart HTTP/1.1" 200 -
part3-catalog-1   | 172.18.0.6 - - [01/May/2023 21:18:06] "GET /stockName/BearCo2 HTTP/1.1" 200 -
part3-catalog-1   | 172.18.0.4 - - [01/May/2023 21:18:06] "POST /orders HTTP/1.1" 308 -
part3-frontend-1  | 128.119.202.143 - - [01/May/2023 21:18:06] "GET /stockName/BearCo2 HTTP/1.1" 200 -
part3-catalog-1   | 172.18.0.4 - - [01/May/2023 21:18:06] "POST /orders/ HTTP/1.1" 200 -
part3-frontend-1  | 128.119.202.143 - - [01/May/2023 21:18:06] "POST /orders HTTP/1.1" 308 -
part3-catalog-1   | 172.18.0.6 - - [01/May/2023 21:18:06] "GET /stockName/Cici HTTP/1.1" 200 -
part3-frontend-1  | 128.119.202.143 - - [01/May/2023 21:18:06] "GET /stockName/Cici HTTP/1.1" 200 -
part3-catalog-1   | 172.18.0.6 - - [01/May/2023 21:18:06] "GET /stockName/BearCo HTTP/1.1" 200 -
part3-frontend-1  | 128.119.202.143 - - [01/May/2023 21:18:06] "GET /stockName/BearCo HTTP/1.1" 200 -
part3-order1-1    | 172.18.0.4 - - [01/May/2023 21:18:06] "POST /replica_orders HTTP/1.1" 200 -
part3-order2-1    | 172.18.0.4 - - [01/May/2023 21:18:06] "POST /replica_orders HTTP/1.1" 200 -
part3-frontend-1  | 172.18.0.4 - - [01/May/2023 21:18:06] "DELETE /stockName/FishCo HTTP/1.1" 200 -
part3-order3-1    | 172.18.0.6 - - [01/May/2023 21:18:06] "POST /orders HTTP/1.1" 200 -
part3-frontend-1  | 128.119.202.143 - - [01/May/2023 21:18:06] "POST /orders/ HTTP/1.1" 200 -
part3-frontend-1  | 128.119.202.143 - - [01/May/2023 21:18:06] "GET /stockName/FishCo2 HTTP/1.1" 200 -
part3-frontend-1  | 128.119.202.143 - - [01/May/2023 21:18:06] "POST /orders HTTP/1.1" 308 -
part3-frontend-1  | 128.119.202.143 - - [01/May/2023 21:18:06] "GET /stockName/FishCo2 HTTP/1.1" 200 -
part3-catalog-1   | 172.18.0.4 - - [01/May/2023 21:18:06] "POST /orders HTTP/1.1" 308 -
part3-catalog-1   | 172.18.0.4 - - [01/May/2023 21:18:06] "POST /orders/ HTTP/1.1" 200 -
part3-order1-1    | 172.18.0.4 - - [01/May/2023 21:18:06] "POST /replica_orders HTTP/1.1" 200 -
part3-order2-1    | 172.18.0.4 - - [01/May/2023 21:18:06] "POST /replica_orders HTTP/1.1" 200 -
part3-frontend-1  | 128.119.202.143 - - [01/May/2023 21:18:06] "GET /stockName/Cici2 HTTP/1.1" 200 -
part3-frontend-1  | 172.18.0.4 - - [01/May/2023 21:18:06] "DELETE /stockName/FishCo2 HTTP/1.1" 200 -
part3-order3-1    | 172.18.0.6 - - [01/May/2023 21:18:06] "POST /orders HTTP/1.1" 200 -
part3-frontend-1  | 128.119.202.143 - - [01/May/2023 21:18:06] "POST /orders/ HTTP/1.1" 200 -
part3-frontend-1  | 128.119.202.143 - - [01/May/2023 21:18:06] "GET /stockName/Cici HTTP/1.1" 200 -
part3-frontend-1  | 128.119.202.143 - - [01/May/2023 21:18:06] "GET /stockName/GameStart2 HTTP/1.1" 200 -
part3-catalog-1   | 172.18.0.4 - - [01/May/2023 21:18:06] "POST /orders HTTP/1.1" 308 -
part3-catalog-1   | 172.18.0.4 - - [01/May/2023 21:18:06] "POST /orders/ HTTP/1.1" 200 -
part3-order1-1    | 172.18.0.4 - - [01/May/2023 21:18:06] "POST /replica_orders HTTP/1.1" 200 -
part3-order2-1    | 172.18.0.4 - - [01/May/2023 21:18:06] "POST /replica_orders HTTP/1.1" 200 -
part3-catalog-1   | 172.18.0.6 - - [01/May/2023 21:18:06] "GET /stockName/BearCo HTTP/1.1" 200 -
part3-frontend-1  | 172.18.0.4 - - [01/May/2023 21:18:06] "DELETE /stockName/Cici HTTP/1.1" 200 -
part3-order3-1    | 172.18.0.6 - - [01/May/2023 21:18:06] "POST /orders HTTP/1.1" 200 -
part3-frontend-1  | 128.119.202.143 - - [01/May/2023 21:18:06] "GET /stockName/BearCo HTTP/1.1" 200 -
part3-frontend-1  | 128.119.202.143 - - [01/May/2023 21:18:06] "POST /orders/ HTTP/1.1" 200 -
part3-catalog-1   | 172.18.0.6 - - [01/May/2023 21:18:06] "GET /stockName/Cici HTTP/1.1" 200 -
part3-frontend-1  | 128.119.202.143 - - [01/May/2023 21:18:06] "GET /stockName/Cici HTTP/1.1" 200 -
part3-frontend-1  | 128.119.202.143 - - [01/May/2023 21:18:06] "GET /stockName/MenhirCo2 HTTP/1.1" 200 -
part3-catalog-1   | 172.18.0.6 - - [01/May/2023 21:18:06] "GET /stockName/FishCo HTTP/1.1" 200 -
part3-frontend-1  | 128.119.202.143 - - [01/May/2023 21:18:06] "GET /stockName/FishCo HTTP/1.1" 200 -
part3-frontend-1  | 128.119.202.143 - - [01/May/2023 21:18:06] "GET /stockName/Cici HTTP/1.1" 200 -
part3-frontend-1  | 128.119.202.143 - - [01/May/2023 21:18:06] "GET /stockName/GameStart HTTP/1.1" 200 -
part3-catalog-1   | 172.18.0.6 - - [01/May/2023 21:18:06] "GET /stockName/BearCo2 HTTP/1.1" 200 -
part3-frontend-1  | 128.119.202.143 - - [01/May/2023 21:18:06] "POST /orders HTTP/1.1" 308 -
part3-frontend-1  | 128.119.202.143 - - [01/May/2023 21:18:06] "GET /stockName/BearCo2 HTTP/1.1" 200 -
part3-frontend-1  | 128.119.202.143 - - [01/May/2023 21:18:06] "POST /orders HTTP/1.1" 308 -
part3-frontend-1  | 128.119.202.143 - - [01/May/2023 21:18:06] "GET /stockName/MenhirCo2 HTTP/1.1" 200 -
part3-frontend-1  | 128.119.202.143 - - [01/May/2023 21:18:06] "GET /stockName/GameStart2 HTTP/1.1" 200 -
part3-frontend-1  | 128.119.202.143 - - [01/May/2023 21:18:06] "GET /stockName/GameStart2 HTTP/1.1" 200 -
part3-catalog-1   | 172.18.0.4 - - [01/May/2023 21:18:06] "POST /orders HTTP/1.1" 308 -
part3-catalog-1   | 172.18.0.4 - - [01/May/2023 21:18:06] "POST /orders/ HTTP/1.1" 200 -
part3-order1-1    | 172.18.0.4 - - [01/May/2023 21:18:06] "POST /replica_orders HTTP/1.1" 200 -
part3-order2-1    | 172.18.0.4 - - [01/May/2023 21:18:06] "POST /replica_orders HTTP/1.1" 200 -
part3-frontend-1  | 172.18.0.4 - - [01/May/2023 21:18:06] "DELETE /stockName/Cici HTTP/1.1" 200 -
part3-order3-1    | 172.18.0.6 - - [01/May/2023 21:18:06] "POST /orders HTTP/1.1" 200 -
part3-frontend-1  | 128.119.202.143 - - [01/May/2023 21:18:06] "POST /orders/ HTTP/1.1" 200 -
part3-catalog-1   | 172.18.0.4 - - [01/May/2023 21:18:06] "POST /orders HTTP/1.1" 308 -
part3-frontend-1  | 128.119.202.143 - - [01/May/2023 21:18:06] "POST /orders HTTP/1.1" 308 -
part3-catalog-1   | 172.18.0.6 - - [01/May/2023 21:18:06] "GET /stockName/Cici HTTP/1.1" 200 -
part3-frontend-1  | 128.119.202.143 - - [01/May/2023 21:18:06] "GET /stockName/Cici HTTP/1.1" 200 -
part3-catalog-1   | 172.18.0.4 - - [01/May/2023 21:18:06] "POST /orders/ HTTP/1.1" 200 -
part3-order1-1    | 172.18.0.4 - - [01/May/2023 21:18:06] "POST /replica_orders HTTP/1.1" 200 -
part3-order2-1    | 172.18.0.4 - - [01/May/2023 21:18:06] "POST /replica_orders HTTP/1.1" 200 -
part3-frontend-1  | 172.18.0.4 - - [01/May/2023 21:18:06] "DELETE /stockName/FishCo HTTP/1.1" 200 -
part3-order3-1    | 172.18.0.6 - - [01/May/2023 21:18:06] "POST /orders HTTP/1.1" 200 -
part3-frontend-1  | 128.119.202.143 - - [01/May/2023 21:18:06] "POST /orders/ HTTP/1.1" 200 -
part3-frontend-1  | 128.119.202.143 - - [01/May/2023 21:18:06] "GET /stockName/MenhirCo HTTP/1.1" 200 -
part3-frontend-1  | 128.119.202.143 - - [01/May/2023 21:18:06] "GET /stockName/MenhirCo HTTP/1.1" 200 -
part3-catalog-1   | 172.18.0.4 - - [01/May/2023 21:18:06] "POST /orders HTTP/1.1" 308 -
part3-frontend-1  | 128.119.202.143 - - [01/May/2023 21:18:06] "GET /stockName/MenhirCo HTTP/1.1" 200 -
part3-catalog-1   | 172.18.0.4 - - [01/May/2023 21:18:06] "POST /orders/ HTTP/1.1" 200 -
part3-order1-1    | 172.18.0.4 - - [01/May/2023 21:18:06] "POST /replica_orders HTTP/1.1" 200 -
part3-order2-1    | 172.18.0.4 - - [01/May/2023 21:18:06] "POST /replica_orders HTTP/1.1" 200 -
part3-frontend-1  | 172.18.0.4 - - [01/May/2023 21:18:06] "DELETE /stockName/GameStart2 HTTP/1.1" 200 -
part3-frontend-1  | 128.119.202.143 - - [01/May/2023 21:18:06] "GET /stockName/MenhirCo HTTP/1.1" 200 -
part3-order3-1    | 172.18.0.6 - - [01/May/2023 21:18:06] "POST /orders HTTP/1.1" 200 -
part3-frontend-1  | 128.119.202.143 - - [01/May/2023 21:18:06] "POST /orders/ HTTP/1.1" 200 -
part3-frontend-1  | 128.119.202.143 - - [01/May/2023 21:18:06] "POST /orders HTTP/1.1" 308 -
part3-frontend-1  | 128.119.202.143 - - [01/May/2023 21:18:06] "POST /orders HTTP/1.1" 308 -
part3-frontend-1  | 128.119.202.143 - - [01/May/2023 21:18:06] "GET /stockName/Cici2 HTTP/1.1" 200 -
part3-frontend-1  | 128.119.202.143 - - [01/May/2023 21:18:06] "POST /orders HTTP/1.1" 308 -
part3-frontend-1  | 128.119.202.143 - - [01/May/2023 21:18:06] "GET /stockName/Cici HTTP/1.1" 200 -
part3-catalog-1   | 172.18.0.4 - - [01/May/2023 21:18:06] "POST /orders HTTP/1.1" 308 -
part3-catalog-1   | 172.18.0.4 - - [01/May/2023 21:18:06] "POST /orders HTTP/1.1" 308 -
part3-catalog-1   | 172.18.0.4 - - [01/May/2023 21:18:06] "POST /orders/ HTTP/1.1" 200 -
part3-catalog-1   | 172.18.0.4 - - [01/May/2023 21:18:06] "POST /orders/ HTTP/1.1" 200 -
part3-order1-1    | 172.18.0.4 - - [01/May/2023 21:18:06] "POST /replica_orders HTTP/1.1" 200 -
part3-order2-1    | 172.18.0.4 - - [01/May/2023 21:18:06] "POST /replica_orders HTTP/1.1" 200 -
part3-frontend-1  | 128.119.202.143 - - [01/May/2023 21:18:06] "GET /stockName/Cici HTTP/1.1" 200 -
part3-catalog-1   | 172.18.0.6 - - [01/May/2023 21:18:06] "GET /stockName/FishCo2 HTTP/1.1" 200 -
part3-frontend-1  | 128.119.202.143 - - [01/May/2023 21:18:06] "GET /stockName/FishCo2 HTTP/1.1" 200 -
part3-frontend-1  | 172.18.0.4 - - [01/May/2023 21:18:06] "DELETE /stockName/MenhirCo HTTP/1.1" 200 -
part3-order3-1    | 172.18.0.6 - - [01/May/2023 21:18:06] "POST /orders HTTP/1.1" 200 -
part3-frontend-1  | 128.119.202.143 - - [01/May/2023 21:18:06] "POST /orders/ HTTP/1.1" 200 -
part3-catalog-1   | 172.18.0.4 - - [01/May/2023 21:18:06] "POST /orders HTTP/1.1" 308 -
part3-order1-1    | 172.18.0.4 - - [01/May/2023 21:18:06] "POST /replica_orders HTTP/1.1" 200 -
part3-catalog-1   | 172.18.0.4 - - [01/May/2023 21:18:06] "POST /orders/ HTTP/1.1" 200 -
part3-order2-1    | 172.18.0.4 - - [01/May/2023 21:18:06] "POST /replica_orders HTTP/1.1" 200 -
part3-frontend-1  | 172.18.0.4 - - [01/May/2023 21:18:06] "DELETE /stockName/MenhirCo HTTP/1.1" 200 -
part3-order3-1    | 172.18.0.6 - - [01/May/2023 21:18:06] "POST /orders HTTP/1.1" 200 -
part3-order1-1    | 172.18.0.4 - - [01/May/2023 21:18:06] "POST /replica_orders HTTP/1.1" 200 -
part3-frontend-1  | 128.119.202.143 - - [01/May/2023 21:18:06] "POST /orders/ HTTP/1.1" 200 -
part3-order2-1    | 172.18.0.4 - - [01/May/2023 21:18:06] "POST /replica_orders HTTP/1.1" 200 -
part3-frontend-1  | 172.18.0.4 - - [01/May/2023 21:18:06] "DELETE /stockName/MenhirCo HTTP/1.1" 200 -
part3-order3-1    | 172.18.0.6 - - [01/May/2023 21:18:06] "POST /orders HTTP/1.1" 200 -
part3-frontend-1  | 128.119.202.143 - - [01/May/2023 21:18:06] "POST /orders/ HTTP/1.1" 200 -
part3-frontend-1  | 128.119.202.143 - - [01/May/2023 21:18:06] "POST /orders HTTP/1.1" 308 -
part3-frontend-1  | 128.119.202.143 - - [01/May/2023 21:18:06] "GET /stockName/MenhirCo2 HTTP/1.1" 200 -
part3-catalog-1   | 172.18.0.6 - - [01/May/2023 21:18:06] "GET /stockName/BearCo2 HTTP/1.1" 200 -
part3-frontend-1  | 128.119.202.143 - - [01/May/2023 21:18:06] "GET /stockName/BearCo2 HTTP/1.1" 200 -
part3-catalog-1   | 172.18.0.6 - - [01/May/2023 21:18:06] "GET /stockName/GameStart2 HTTP/1.1" 200 -
part3-frontend-1  | 128.119.202.143 - - [01/May/2023 21:18:06] "GET /stockName/GameStart2 HTTP/1.1" 200 -
part3-catalog-1   | 172.18.0.4 - - [01/May/2023 21:18:06] "POST /orders HTTP/1.1" 308 -
part3-catalog-1   | 172.18.0.6 - - [01/May/2023 21:18:06] "GET /stockName/FishCo HTTP/1.1" 200 -
part3-catalog-1   | 172.18.0.4 - - [01/May/2023 21:18:06] "POST /orders/ HTTP/1.1" 200 -
part3-frontend-1  | 128.119.202.143 - - [01/May/2023 21:18:06] "GET /stockName/FishCo HTTP/1.1" 200 -
part3-order1-1    | 172.18.0.4 - - [01/May/2023 21:18:06] "POST /replica_orders HTTP/1.1" 200 -
part3-order2-1    | 172.18.0.4 - - [01/May/2023 21:18:06] "POST /replica_orders HTTP/1.1" 200 -
part3-frontend-1  | 172.18.0.4 - - [01/May/2023 21:18:06] "DELETE /stockName/Cici HTTP/1.1" 200 -
part3-order3-1    | 172.18.0.6 - - [01/May/2023 21:18:06] "POST /orders HTTP/1.1" 200 -
part3-frontend-1  | 128.119.202.143 - - [01/May/2023 21:18:06] "POST /orders/ HTTP/1.1" 200 -
part3-frontend-1  | 128.119.202.143 - - [01/May/2023 21:18:07] "GET /stockName/FishCo HTTP/1.1" 200 -
part3-frontend-1  | 128.119.202.143 - - [01/May/2023 21:18:07] "POST /orders HTTP/1.1" 308 -
part3-frontend-1  | 128.119.202.143 - - [01/May/2023 21:18:07] "GET /stockName/FishCo2 HTTP/1.1" 200 -
part3-catalog-1   | 172.18.0.6 - - [01/May/2023 21:18:07] "GET /stockName/MenhirCo HTTP/1.1" 200 -
part3-frontend-1  | 128.119.202.143 - - [01/May/2023 21:18:07] "GET /stockName/FishCo HTTP/1.1" 200 -
part3-frontend-1  | 128.119.202.143 - - [01/May/2023 21:18:07] "GET /stockName/MenhirCo HTTP/1.1" 200 -
part3-catalog-1   | 172.18.0.6 - - [01/May/2023 21:18:07] "GET /stockName/BearCo2 HTTP/1.1" 200 -
part3-frontend-1  | 128.119.202.143 - - [01/May/2023 21:18:07] "GET /stockName/BearCo2 HTTP/1.1" 200 -
part3-catalog-1   | 172.18.0.4 - - [01/May/2023 21:18:07] "POST /orders HTTP/1.1" 308 -
part3-catalog-1   | 172.18.0.4 - - [01/May/2023 21:18:07] "POST /orders/ HTTP/1.1" 200 -
part3-order1-1    | 172.18.0.4 - - [01/May/2023 21:18:07] "POST /replica_orders HTTP/1.1" 200 -
part3-order2-1    | 172.18.0.4 - - [01/May/2023 21:18:07] "POST /replica_orders HTTP/1.1" 200 -
part3-frontend-1  | 128.119.202.143 - - [01/May/2023 21:18:07] "POST /orders HTTP/1.1" 308 -
part3-frontend-1  | 128.119.202.143 - - [01/May/2023 21:18:07] "GET /stockName/FishCo2 HTTP/1.1" 200 -
part3-frontend-1  | 128.119.202.143 - - [01/May/2023 21:18:07] "GET /stockName/Cici2 HTTP/1.1" 200 -
part3-frontend-1  | 172.18.0.4 - - [01/May/2023 21:18:07] "DELETE /stockName/MenhirCo2 HTTP/1.1" 200 -
part3-order3-1    | 172.18.0.6 - - [01/May/2023 21:18:07] "POST /orders HTTP/1.1" 200 -
part3-frontend-1  | 128.119.202.143 - - [01/May/2023 21:18:07] "POST /orders/ HTTP/1.1" 200 -
part3-frontend-1  | 128.119.202.143 - - [01/May/2023 21:18:07] "GET /stockName/Cici2 HTTP/1.1" 200 -
part3-catalog-1   | 172.18.0.4 - - [01/May/2023 21:18:07] "POST /orders HTTP/1.1" 308 -
part3-frontend-1  | 128.119.202.143 - - [01/May/2023 21:18:07] "GET /stockName/FishCo2 HTTP/1.1" 200 -
part3-catalog-1   | 172.18.0.6 - - [01/May/2023 21:18:07] "GET /stockName/BearCo2 HTTP/1.1" 200 -
part3-frontend-1  | 128.119.202.143 - - [01/May/2023 21:18:07] "GET /stockName/BearCo2 HTTP/1.1" 200 -
part3-catalog-1   | 172.18.0.4 - - [01/May/2023 21:18:07] "POST /orders/ HTTP/1.1" 200 -
part3-order1-1    | 172.18.0.4 - - [01/May/2023 21:18:07] "POST /replica_orders HTTP/1.1" 200 -
part3-order2-1    | 172.18.0.4 - - [01/May/2023 21:18:07] "POST /replica_orders HTTP/1.1" 200 -
part3-catalog-1   | 172.18.0.6 - - [01/May/2023 21:18:07] "GET /stockName/BearCo HTTP/1.1" 200 -
part3-frontend-1  | 128.119.202.143 - - [01/May/2023 21:18:07] "GET /stockName/BearCo HTTP/1.1" 200 -
part3-frontend-1  | 172.18.0.4 - - [01/May/2023 21:18:07] "DELETE /stockName/FishCo HTTP/1.1" 200 -
part3-order3-1    | 172.18.0.6 - - [01/May/2023 21:18:07] "POST /orders HTTP/1.1" 200 -
part3-frontend-1  | 128.119.202.143 - - [01/May/2023 21:18:07] "POST /orders/ HTTP/1.1" 200 -
part3-frontend-1  | 128.119.202.143 - - [01/May/2023 21:18:07] "GET /stockName/Cici2 HTTP/1.1" 200 -
part3-catalog-1   | 172.18.0.6 - - [01/May/2023 21:18:07] "GET /stockName/MenhirCo2 HTTP/1.1" 200 -
part3-frontend-1  | 128.119.202.143 - - [01/May/2023 21:18:07] "GET /stockName/MenhirCo HTTP/1.1" 200 -
part3-frontend-1  | 128.119.202.143 - - [01/May/2023 21:18:07] "GET /stockName/GameStart2 HTTP/1.1" 200 -
part3-frontend-1  | 128.119.202.143 - - [01/May/2023 21:18:07] "GET /stockName/MenhirCo2 HTTP/1.1" 200 -
part3-frontend-1  | 128.119.202.143 - - [01/May/2023 21:18:07] "POST /orders HTTP/1.1" 308 -
part3-frontend-1  | 128.119.202.143 - - [01/May/2023 21:18:07] "POST /orders HTTP/1.1" 308 -
part3-frontend-1  | 128.119.202.143 - - [01/May/2023 21:18:07] "GET /stockName/GameStart HTTP/1.1" 200 -
part3-catalog-1   | 172.18.0.6 - - [01/May/2023 21:18:07] "GET /stockName/BearCo HTTP/1.1" 200 -
part3-frontend-1  | 128.119.202.143 - - [01/May/2023 21:18:07] "GET /stockName/BearCo HTTP/1.1" 200 -
part3-catalog-1   | 172.18.0.4 - - [01/May/2023 21:18:07] "POST /orders HTTP/1.1" 308 -
part3-catalog-1   | 172.18.0.4 - - [01/May/2023 21:18:07] "POST /orders/ HTTP/1.1" 200 -
part3-order1-1    | 172.18.0.4 - - [01/May/2023 21:18:07] "POST /replica_orders HTTP/1.1" 200 -
part3-order2-1    | 172.18.0.4 - - [01/May/2023 21:18:07] "POST /replica_orders HTTP/1.1" 200 -
part3-frontend-1  | 172.18.0.4 - - [01/May/2023 21:18:07] "DELETE /stockName/FishCo2 HTTP/1.1" 200 -
part3-order3-1    | 172.18.0.6 - - [01/May/2023 21:18:07] "POST /orders HTTP/1.1" 200 -
part3-frontend-1  | 128.119.202.143 - - [01/May/2023 21:18:07] "POST /orders/ HTTP/1.1" 200 -
part3-catalog-1   | 172.18.0.4 - - [01/May/2023 21:18:07] "POST /orders HTTP/1.1" 308 -
part3-frontend-1  | 128.119.202.143 - - [01/May/2023 21:18:07] "POST /orders HTTP/1.1" 308 -
part3-catalog-1   | 172.18.0.4 - - [01/May/2023 21:18:07] "POST /orders/ HTTP/1.1" 200 -
part3-order1-1    | 172.18.0.4 - - [01/May/2023 21:18:07] "POST /replica_orders HTTP/1.1" 200 -
part3-order2-1    | 172.18.0.4 - - [01/May/2023 21:18:07] "POST /replica_orders HTTP/1.1" 200 -
part3-frontend-1  | 172.18.0.4 - - [01/May/2023 21:18:07] "DELETE /stockName/Cici2 HTTP/1.1" 200 -
part3-order3-1    | 172.18.0.6 - - [01/May/2023 21:18:07] "POST /orders HTTP/1.1" 200 -
part3-frontend-1  | 128.119.202.143 - - [01/May/2023 21:18:07] "POST /orders/ HTTP/1.1" 200 -
part3-frontend-1  | 128.119.202.143 - - [01/May/2023 21:18:07] "GET /stockName/MenhirCo2 HTTP/1.1" 200 -
part3-catalog-1   | 172.18.0.6 - - [01/May/2023 21:18:07] "GET /stockName/Cici HTTP/1.1" 200 -
part3-frontend-1  | 128.119.202.143 - - [01/May/2023 21:18:07] "GET /stockName/Cici HTTP/1.1" 200 -
part3-catalog-1   | 172.18.0.4 - - [01/May/2023 21:18:07] "POST /orders HTTP/1.1" 308 -
part3-catalog-1   | 172.18.0.4 - - [01/May/2023 21:18:07] "POST /orders/ HTTP/1.1" 200 -
part3-order1-1    | 172.18.0.4 - - [01/May/2023 21:18:07] "POST /replica_orders HTTP/1.1" 200 -
part3-order2-1    | 172.18.0.4 - - [01/May/2023 21:18:07] "POST /replica_orders HTTP/1.1" 200 -
part3-frontend-1  | 172.18.0.4 - - [01/May/2023 21:18:07] "DELETE /stockName/GameStart HTTP/1.1" 200 -
part3-order3-1    | 172.18.0.6 - - [01/May/2023 21:18:07] "POST /orders HTTP/1.1" 200 -
part3-frontend-1  | 128.119.202.143 - - [01/May/2023 21:18:07] "POST /orders/ HTTP/1.1" 200 -
part3-frontend-1  | 128.119.202.143 - - [01/May/2023 21:18:07] "POST /orders HTTP/1.1" 308 -
part3-catalog-1   | 172.18.0.6 - - [01/May/2023 21:18:07] "GET /stockName/FishCo HTTP/1.1" 200 -
part3-frontend-1  | 128.119.202.143 - - [01/May/2023 21:18:07] "GET /stockName/FishCo HTTP/1.1" 200 -
