part1-catalog-1   | 172.19.0.4 - - [01/May/2023 21:45:19] "GET /stockName/Cici HTTP/1.1" 200 -
part1-frontend-1  | 128.119.202.143 - - [01/May/2023 21:45:19] "GET /stockName/Cici HTTP/1.1" 200 -
part1-catalog-1   | 172.19.0.4 - - [01/May/2023 21:45:19] "GET /stockName/MenhirCo2 HTTP/1.1" 200 -
part1-frontend-1  | 128.119.202.143 - - [01/May/2023 21:45:19] "GET /stockName/MenhirCo2 HTTP/1.1" 200 -
part1-catalog-1   | 172.19.0.4 - - [01/May/2023 21:45:19] "GET /stockName/GameStart HTTP/1.1" 200 -
part1-frontend-1  | 128.119.202.143 - - [01/May/2023 21:45:19] "GET /stockName/GameStart HTTP/1.1" 200 -
part1-catalog-1   | 172.19.0.4 - - [01/May/2023 21:45:19] "GET /stockName/GameStart HTTP/1.1" 200 -
part1-frontend-1  | 128.119.202.143 - - [01/May/2023 21:45:19] "GET /stockName/GameStart HTTP/1.1" 200 -
part1-catalog-1   | 172.19.0.4 - - [01/May/2023 21:45:19] "GET /stockName/Cici2 HTTP/1.1" 200 -
part1-frontend-1  | 128.119.202.143 - - [01/May/2023 21:45:19] "GET /stockName/Cici2 HTTP/1.1" 200 -
part1-frontend-1  | 128.119.202.143 - - [01/May/2023 21:45:19] "GET /stockName/Cici2 HTTP/1.1" 200 -
part1-frontend-1  | 128.119.202.143 - - [01/May/2023 21:45:19] "POST /orders HTTP/1.1" 308 -
part1-catalog-1   | 172.19.0.4 - - [01/May/2023 21:45:19] "GET /stockName/MenhirCo HTTP/1.1" 200 -
part1-frontend-1  | 128.119.202.143 - - [01/May/2023 21:45:19] "GET /stockName/Cici2 HTTP/1.1" 200 -
part1-frontend-1  | 128.119.202.143 - - [01/May/2023 21:45:19] "GET /stockName/MenhirCo HTTP/1.1" 200 -
part1-catalog-1   | 172.19.0.4 - - [01/May/2023 21:45:19] "GET /stockName/GameStart2 HTTP/1.1" 200 -
part1-frontend-1  | 128.119.202.143 - - [01/May/2023 21:45:19] "GET /stockName/GameStart2 HTTP/1.1" 200 -
part1-frontend-1  | 128.119.202.143 - - [01/May/2023 21:45:19] "POST /orders HTTP/1.1" 308 -
part1-catalog-1   | 172.19.0.2 - - [01/May/2023 21:45:19] "POST /orders HTTP/1.1" 308 -
part1-catalog-1   | 172.19.0.2 - - [01/May/2023 21:45:19] "POST /orders/ HTTP/1.1" 200 -
part1-frontend-1  | 128.119.202.143 - - [01/May/2023 21:45:19] "POST /orders HTTP/1.1" 308 -
part1-catalog-1   | 172.19.0.4 - - [01/May/2023 21:45:19] "GET /stockName/BearCo2 HTTP/1.1" 200 -
part1-catalog-1   | 172.19.0.4 - - [01/May/2023 21:45:19] "GET /stockName/FishCo2 HTTP/1.1" 200 -
part1-frontend-1  | 172.19.0.2 - - [01/May/2023 21:45:19] "DELETE /stockName/GameStart HTTP/1.1" 200 -
part1-frontend-1  | 128.119.202.143 - - [01/May/2023 21:45:19] "GET /stockName/FishCo2 HTTP/1.1" 200 -
part1-frontend-1  | 128.119.202.143 - - [01/May/2023 21:45:19] "GET /stockName/BearCo2 HTTP/1.1" 200 -
part1-order1-1    | 172.19.0.4 - - [01/May/2023 21:45:19] "POST /orders HTTP/1.1" 200 -
part1-frontend-1  | 128.119.202.143 - - [01/May/2023 21:45:19] "POST /orders/ HTTP/1.1" 200 -
part1-catalog-1   | 172.19.0.2 - - [01/May/2023 21:45:19] "POST /orders HTTP/1.1" 308 -
part1-frontend-1  | 128.119.202.143 - - [01/May/2023 21:45:19] "POST /orders HTTP/1.1" 308 -
part1-catalog-1   | 172.19.0.2 - - [01/May/2023 21:45:19] "POST /orders/ HTTP/1.1" 200 -
part1-catalog-1   | 172.19.0.2 - - [01/May/2023 21:45:19] "POST /orders HTTP/1.1" 308 -
part1-catalog-1   | 172.19.0.2 - - [01/May/2023 21:45:19] "POST /orders/ HTTP/1.1" 200 -
part1-frontend-1  | 128.119.202.143 - - [01/May/2023 21:45:19] "GET /stockName/MenhirCo2 HTTP/1.1" 200 -
part1-catalog-1   | 172.19.0.4 - - [01/May/2023 21:45:19] "GET /stockName/BearCo2 HTTP/1.1" 200 -
part1-frontend-1  | 128.119.202.143 - - [01/May/2023 21:45:19] "GET /stockName/BearCo2 HTTP/1.1" 200 -
part1-frontend-1  | 172.19.0.2 - - [01/May/2023 21:45:19] "DELETE /stockName/Cici2 HTTP/1.1" 200 -
part1-order1-1    | 172.19.0.4 - - [01/May/2023 21:45:19] "POST /orders HTTP/1.1" 200 -
part1-frontend-1  | 172.19.0.2 - - [01/May/2023 21:45:19] "DELETE /stockName/GameStart2 HTTP/1.1" 200 -
part1-frontend-1  | 128.119.202.143 - - [01/May/2023 21:45:19] "POST /orders/ HTTP/1.1" 200 -
part1-order1-1    | 172.19.0.4 - - [01/May/2023 21:45:19] "POST /orders HTTP/1.1" 200 -
part1-frontend-1  | 128.119.202.143 - - [01/May/2023 21:45:19] "POST /orders/ HTTP/1.1" 200 -
part1-catalog-1   | 172.19.0.2 - - [01/May/2023 21:45:19] "POST /orders HTTP/1.1" 308 -
part1-catalog-1   | 172.19.0.2 - - [01/May/2023 21:45:19] "POST /orders/ HTTP/1.1" 200 -
part1-frontend-1  | 172.19.0.2 - - [01/May/2023 21:45:19] "DELETE /stockName/FishCo2 HTTP/1.1" 200 -
part1-order1-1    | 172.19.0.4 - - [01/May/2023 21:45:19] "POST /orders HTTP/1.1" 200 -
part1-frontend-1  | 128.119.202.143 - - [01/May/2023 21:45:19] "POST /orders/ HTTP/1.1" 200 -
part1-frontend-1  | 128.119.202.143 - - [01/May/2023 21:45:19] "POST /orders HTTP/1.1" 308 -
part1-catalog-1   | 172.19.0.4 - - [01/May/2023 21:45:19] "GET /stockName/FishCo2 HTTP/1.1" 200 -
part1-catalog-1   | 172.19.0.4 - - [01/May/2023 21:45:19] "GET /stockName/GameStart HTTP/1.1" 200 -
part1-frontend-1  | 128.119.202.143 - - [01/May/2023 21:45:19] "GET /stockName/FishCo2 HTTP/1.1" 200 -
part1-frontend-1  | 128.119.202.143 - - [01/May/2023 21:45:19] "GET /stockName/GameStart HTTP/1.1" 200 -
part1-catalog-1   | 172.19.0.4 - - [01/May/2023 21:45:19] "GET /stockName/Cici2 HTTP/1.1" 200 -
part1-frontend-1  | 128.119.202.143 - - [01/May/2023 21:45:19] "GET /stockName/Cici2 HTTP/1.1" 200 -
part1-frontend-1  | 128.119.202.143 - - [01/May/2023 21:45:19] "GET /stockName/FishCo2 HTTP/1.1" 200 -
part1-frontend-1  | 128.119.202.143 - - [01/May/2023 21:45:19] "GET /stockName/Cici2 HTTP/1.1" 200 -
part1-frontend-1  | 128.119.202.143 - - [01/May/2023 21:45:19] "POST /orders HTTP/1.1" 308 -
part1-frontend-1  | 128.119.202.143 - - [01/May/2023 21:45:19] "GET /stockName/Cici HTTP/1.1" 200 -
part1-catalog-1   | 172.19.0.2 - - [01/May/2023 21:45:19] "POST /orders HTTP/1.1" 308 -
part1-catalog-1   | 172.19.0.2 - - [01/May/2023 21:45:19] "POST /orders/ HTTP/1.1" 200 -
part1-frontend-1  | 172.19.0.2 - - [01/May/2023 21:45:19] "DELETE /stockName/MenhirCo2 HTTP/1.1" 200 -
part1-order1-1    | 172.19.0.4 - - [01/May/2023 21:45:19] "POST /orders HTTP/1.1" 200 -
part1-frontend-1  | 128.119.202.143 - - [01/May/2023 21:45:19] "POST /orders/ HTTP/1.1" 200 -
part1-catalog-1   | 172.19.0.4 - - [01/May/2023 21:45:19] "GET /stockName/BearCo HTTP/1.1" 200 -
part1-frontend-1  | 128.119.202.143 - - [01/May/2023 21:45:19] "GET /stockName/BearCo HTTP/1.1" 200 -
part1-catalog-1   | 172.19.0.4 - - [01/May/2023 21:45:19] "GET /stockName/BearCo2 HTTP/1.1" 200 -
part1-frontend-1  | 128.119.202.143 - - [01/May/2023 21:45:19] "POST /orders HTTP/1.1" 308 -
part1-frontend-1  | 128.119.202.143 - - [01/May/2023 21:45:19] "GET /stockName/BearCo2 HTTP/1.1" 200 -
part1-catalog-1   | 172.19.0.2 - - [01/May/2023 21:45:19] "POST /orders HTTP/1.1" 308 -
part1-catalog-1   | 172.19.0.2 - - [01/May/2023 21:45:19] "POST /orders/ HTTP/1.1" 200 -
part1-frontend-1  | 172.19.0.2 - - [01/May/2023 21:45:19] "DELETE /stockName/GameStart HTTP/1.1" 200 -
part1-order1-1    | 172.19.0.4 - - [01/May/2023 21:45:19] "POST /orders HTTP/1.1" 200 -
part1-frontend-1  | 128.119.202.143 - - [01/May/2023 21:45:19] "POST /orders/ HTTP/1.1" 200 -
part1-catalog-1   | 172.19.0.4 - - [01/May/2023 21:45:19] "GET /stockName/BearCo HTTP/1.1" 200 -
part1-frontend-1  | 128.119.202.143 - - [01/May/2023 21:45:19] "GET /stockName/BearCo HTTP/1.1" 200 -
part1-frontend-1  | 128.119.202.143 - - [01/May/2023 21:45:19] "GET /stockName/FishCo2 HTTP/1.1" 200 -
part1-catalog-1   | 172.19.0.2 - - [01/May/2023 21:45:19] "POST /orders HTTP/1.1" 308 -
part1-catalog-1   | 172.19.0.2 - - [01/May/2023 21:45:19] "POST /orders/ HTTP/1.1" 200 -
part1-catalog-1   | 172.19.0.4 - - [01/May/2023 21:45:19] "GET /stockName/BearCo HTTP/1.1" 200 -
part1-frontend-1  | 128.119.202.143 - - [01/May/2023 21:45:19] "GET /stockName/BearCo HTTP/1.1" 200 -
part1-frontend-1  | 172.19.0.2 - - [01/May/2023 21:45:19] "DELETE /stockName/Cici HTTP/1.1" 200 -
part1-order1-1    | 172.19.0.4 - - [01/May/2023 21:45:19] "POST /orders HTTP/1.1" 200 -
part1-frontend-1  | 128.119.202.143 - - [01/May/2023 21:45:19] "POST /orders/ HTTP/1.1" 200 -
part1-catalog-1   | 172.19.0.4 - - [01/May/2023 21:45:19] "GET /stockName/FishCo HTTP/1.1" 200 -
part1-frontend-1  | 128.119.202.143 - - [01/May/2023 21:45:19] "GET /stockName/FishCo HTTP/1.1" 200 -
part1-catalog-1   | 172.19.0.4 - - [01/May/2023 21:45:19] "GET /stockName/MenhirCo2 HTTP/1.1" 200 -
part1-frontend-1  | 128.119.202.143 - - [01/May/2023 21:45:19] "GET /stockName/MenhirCo2 HTTP/1.1" 200 -
part1-frontend-1  | 128.119.202.143 - - [01/May/2023 21:45:19] "POST /orders HTTP/1.1" 308 -
part1-frontend-1  | 128.119.202.143 - - [01/May/2023 21:45:19] "GET /stockName/MenhirCo HTTP/1.1" 200 -
part1-frontend-1  | 128.119.202.143 - - [01/May/2023 21:45:19] "GET /stockName/MenhirCo HTTP/1.1" 200 -
part1-frontend-1  | 128.119.202.143 - - [01/May/2023 21:45:19] "POST /orders HTTP/1.1" 308 -
part1-catalog-1   | 172.19.0.4 - - [01/May/2023 21:45:19] "GET /stockName/Cici HTTP/1.1" 200 -
part1-frontend-1  | 128.119.202.143 - - [01/May/2023 21:45:19] "GET /stockName/Cici HTTP/1.1" 200 -
part1-catalog-1   | 172.19.0.2 - - [01/May/2023 21:45:19] "POST /orders HTTP/1.1" 308 -
part1-catalog-1   | 172.19.0.2 - - [01/May/2023 21:45:19] "POST /orders/ HTTP/1.1" 200 -
part1-frontend-1  | 172.19.0.2 - - [01/May/2023 21:45:19] "DELETE /stockName/FishCo2 HTTP/1.1" 200 -
part1-order1-1    | 172.19.0.4 - - [01/May/2023 21:45:19] "POST /orders HTTP/1.1" 200 -
part1-frontend-1  | 128.119.202.143 - - [01/May/2023 21:45:19] "POST /orders/ HTTP/1.1" 200 -
part1-catalog-1   | 172.19.0.4 - - [01/May/2023 21:45:19] "GET /stockName/BearCo HTTP/1.1" 200 -
part1-frontend-1  | 128.119.202.143 - - [01/May/2023 21:45:19] "GET /stockName/BearCo HTTP/1.1" 200 -
part1-frontend-1  | 128.119.202.143 - - [01/May/2023 21:45:19] "POST /orders HTTP/1.1" 308 -
part1-frontend-1  | 128.119.202.143 - - [01/May/2023 21:45:19] "POST /orders HTTP/1.1" 308 -
part1-catalog-1   | 172.19.0.2 - - [01/May/2023 21:45:19] "POST /orders HTTP/1.1" 308 -
part1-catalog-1   | 172.19.0.2 - - [01/May/2023 21:45:19] "POST /orders/ HTTP/1.1" 200 -
part1-frontend-1  | 172.19.0.2 - - [01/May/2023 21:45:19] "DELETE /stockName/FishCo HTTP/1.1" 200 -
part1-order1-1    | 172.19.0.4 - - [01/May/2023 21:45:19] "POST /orders HTTP/1.1" 200 -
part1-frontend-1  | 128.119.202.143 - - [01/May/2023 21:45:19] "POST /orders/ HTTP/1.1" 200 -
part1-catalog-1   | 172.19.0.4 - - [01/May/2023 21:45:19] "GET /stockName/FishCo2 HTTP/1.1" 200 -
part1-frontend-1  | 128.119.202.143 - - [01/May/2023 21:45:19] "GET /stockName/FishCo2 HTTP/1.1" 200 -
part1-frontend-1  | 128.119.202.143 - - [01/May/2023 21:45:19] "GET /stockName/FishCo2 HTTP/1.1" 200 -
part1-catalog-1   | 172.19.0.2 - - [01/May/2023 21:45:19] "POST /orders HTTP/1.1" 308 -
part1-catalog-1   | 172.19.0.2 - - [01/May/2023 21:45:19] "POST /orders/ HTTP/1.1" 200 -
part1-catalog-1   | 172.19.0.2 - - [01/May/2023 21:45:19] "POST /orders HTTP/1.1" 308 -
part1-catalog-1   | 172.19.0.2 - - [01/May/2023 21:45:19] "POST /orders/ HTTP/1.1" 200 -
part1-frontend-1  | 172.19.0.2 - - [01/May/2023 21:45:19] "DELETE /stockName/MenhirCo HTTP/1.1" 200 -
part1-order1-1    | 172.19.0.4 - - [01/May/2023 21:45:19] "POST /orders HTTP/1.1" 200 -
part1-frontend-1  | 128.119.202.143 - - [01/May/2023 21:45:20] "POST /orders/ HTTP/1.1" 200 -
part1-catalog-1   | 172.19.0.4 - - [01/May/2023 21:45:20] "GET /stockName/BearCo HTTP/1.1" 200 -
part1-frontend-1  | 172.19.0.2 - - [01/May/2023 21:45:20] "DELETE /stockName/Cici HTTP/1.1" 200 -
part1-order1-1    | 172.19.0.4 - - [01/May/2023 21:45:20] "POST /orders HTTP/1.1" 200 -
part1-frontend-1  | 128.119.202.143 - - [01/May/2023 21:45:20] "GET /stockName/BearCo HTTP/1.1" 200 -
part1-frontend-1  | 128.119.202.143 - - [01/May/2023 21:45:20] "POST /orders/ HTTP/1.1" 200 -
part1-catalog-1   | 172.19.0.4 - - [01/May/2023 21:45:20] "GET /stockName/BearCo HTTP/1.1" 200 -
part1-frontend-1  | 128.119.202.143 - - [01/May/2023 21:45:20] "GET /stockName/BearCo HTTP/1.1" 200 -
part1-frontend-1  | 128.119.202.143 - - [01/May/2023 21:45:20] "POST /orders HTTP/1.1" 308 -
part1-catalog-1   | 172.19.0.4 - - [01/May/2023 21:45:20] "GET /stockName/BearCo HTTP/1.1" 200 -
part1-frontend-1  | 128.119.202.143 - - [01/May/2023 21:45:20] "GET /stockName/BearCo HTTP/1.1" 200 -
part1-frontend-1  | 128.119.202.143 - - [01/May/2023 21:45:20] "GET /stockName/MenhirCo2 HTTP/1.1" 200 -
part1-catalog-1   | 172.19.0.4 - - [01/May/2023 21:45:20] "GET /stockName/BearCo2 HTTP/1.1" 200 -
part1-frontend-1  | 128.119.202.143 - - [01/May/2023 21:45:20] "GET /stockName/BearCo2 HTTP/1.1" 200 -
part1-catalog-1   | 172.19.0.4 - - [01/May/2023 21:45:20] "GET /stockName/GameStart HTTP/1.1" 200 -
part1-frontend-1  | 128.119.202.143 - - [01/May/2023 21:45:20] "GET /stockName/GameStart HTTP/1.1" 200 -
part1-catalog-1   | 172.19.0.2 - - [01/May/2023 21:45:20] "POST /orders HTTP/1.1" 308 -
part1-catalog-1   | 172.19.0.2 - - [01/May/2023 21:45:20] "POST /orders/ HTTP/1.1" 200 -
part1-frontend-1  | 172.19.0.2 - - [01/May/2023 21:45:20] "DELETE /stockName/FishCo2 HTTP/1.1" 200 -
part1-order1-1    | 172.19.0.4 - - [01/May/2023 21:45:20] "POST /orders HTTP/1.1" 200 -
part1-frontend-1  | 128.119.202.143 - - [01/May/2023 21:45:20] "POST /orders/ HTTP/1.1" 200 -
part1-catalog-1   | 172.19.0.4 - - [01/May/2023 21:45:20] "GET /stockName/MenhirCo HTTP/1.1" 200 -
part1-frontend-1  | 128.119.202.143 - - [01/May/2023 21:45:20] "GET /stockName/MenhirCo HTTP/1.1" 200 -
part1-catalog-1   | 172.19.0.4 - - [01/May/2023 21:45:20] "GET /stockName/FishCo HTTP/1.1" 200 -
part1-frontend-1  | 128.119.202.143 - - [01/May/2023 21:45:20] "GET /stockName/Cici2 HTTP/1.1" 200 -
part1-frontend-1  | 128.119.202.143 - - [01/May/2023 21:45:20] "GET /stockName/FishCo HTTP/1.1" 200 -
part1-frontend-1  | 128.119.202.143 - - [01/May/2023 21:45:20] "POST /orders HTTP/1.1" 308 -
part1-frontend-1  | 128.119.202.143 - - [01/May/2023 21:45:20] "GET /stockName/GameStart HTTP/1.1" 200 -
part1-frontend-1  | 128.119.202.143 - - [01/May/2023 21:45:20] "POST /orders HTTP/1.1" 308 -
part1-frontend-1  | 128.119.202.143 - - [01/May/2023 21:45:20] "POST /orders HTTP/1.1" 308 -
part1-catalog-1   | 172.19.0.4 - - [01/May/2023 21:45:20] "GET /stockName/BearCo HTTP/1.1" 200 -
part1-frontend-1  | 128.119.202.143 - - [01/May/2023 21:45:20] "GET /stockName/BearCo HTTP/1.1" 200 -
part1-catalog-1   | 172.19.0.2 - - [01/May/2023 21:45:20] "POST /orders HTTP/1.1" 308 -
part1-catalog-1   | 172.19.0.2 - - [01/May/2023 21:45:20] "POST /orders/ HTTP/1.1" 200 -
part1-catalog-1   | 172.19.0.4 - - [01/May/2023 21:45:20] "GET /stockName/BearCo HTTP/1.1" 200 -
part1-frontend-1  | 172.19.0.2 - - [01/May/2023 21:45:20] "DELETE /stockName/GameStart HTTP/1.1" 200 -
part1-frontend-1  | 128.119.202.143 - - [01/May/2023 21:45:20] "GET /stockName/BearCo HTTP/1.1" 200 -
part1-order1-1    | 172.19.0.4 - - [01/May/2023 21:45:20] "POST /orders HTTP/1.1" 200 -
part1-frontend-1  | 128.119.202.143 - - [01/May/2023 21:45:20] "POST /orders/ HTTP/1.1" 200 -
part1-catalog-1   | 172.19.0.2 - - [01/May/2023 21:45:20] "POST /orders HTTP/1.1" 308 -
part1-catalog-1   | 172.19.0.2 - - [01/May/2023 21:45:20] "POST /orders HTTP/1.1" 308 -
part1-catalog-1   | 172.19.0.2 - - [01/May/2023 21:45:20] "POST /orders/ HTTP/1.1" 200 -
part1-catalog-1   | 172.19.0.2 - - [01/May/2023 21:45:20] "POST /orders/ HTTP/1.1" 200 -
part1-frontend-1  | 172.19.0.2 - - [01/May/2023 21:45:20] "DELETE /stockName/MenhirCo HTTP/1.1" 200 -
part1-frontend-1  | 128.119.202.143 - - [01/May/2023 21:45:20] "GET /stockName/FishCo HTTP/1.1" 200 -
part1-catalog-1   | 172.19.0.4 - - [01/May/2023 21:45:20] "GET /stockName/FishCo2 HTTP/1.1" 200 -
part1-order1-1    | 172.19.0.4 - - [01/May/2023 21:45:20] "POST /orders HTTP/1.1" 200 -
part1-frontend-1  | 172.19.0.2 - - [01/May/2023 21:45:20] "DELETE /stockName/Cici2 HTTP/1.1" 200 -
part1-frontend-1  | 128.119.202.143 - - [01/May/2023 21:45:20] "GET /stockName/FishCo2 HTTP/1.1" 200 -
part1-frontend-1  | 128.119.202.143 - - [01/May/2023 21:45:20] "POST /orders/ HTTP/1.1" 200 -
part1-order1-1    | 172.19.0.4 - - [01/May/2023 21:45:20] "POST /orders HTTP/1.1" 200 -
part1-frontend-1  | 128.119.202.143 - - [01/May/2023 21:45:20] "POST /orders/ HTTP/1.1" 200 -
part1-catalog-1   | 172.19.0.4 - - [01/May/2023 21:45:20] "GET /stockName/GameStart HTTP/1.1" 200 -
part1-frontend-1  | 128.119.202.143 - - [01/May/2023 21:45:20] "GET /stockName/GameStart HTTP/1.1" 200 -
part1-frontend-1  | 128.119.202.143 - - [01/May/2023 21:45:20] "POST /orders HTTP/1.1" 308 -
part1-catalog-1   | 172.19.0.4 - - [01/May/2023 21:45:20] "GET /stockName/Cici2 HTTP/1.1" 200 -
part1-frontend-1  | 128.119.202.143 - - [01/May/2023 21:45:20] "GET /stockName/Cici2 HTTP/1.1" 200 -
part1-catalog-1   | 172.19.0.4 - - [01/May/2023 21:45:20] "GET /stockName/GameStart2 HTTP/1.1" 200 -
part1-frontend-1  | 128.119.202.143 - - [01/May/2023 21:45:20] "GET /stockName/GameStart2 HTTP/1.1" 200 -
part1-frontend-1  | 128.119.202.143 - - [01/May/2023 21:45:20] "GET /stockName/FishCo HTTP/1.1" 200 -
part1-catalog-1   | 172.19.0.4 - - [01/May/2023 21:45:20] "GET /stockName/Cici HTTP/1.1" 200 -
part1-frontend-1  | 128.119.202.143 - - [01/May/2023 21:45:20] "GET /stockName/Cici HTTP/1.1" 200 -
part1-catalog-1   | 172.19.0.2 - - [01/May/2023 21:45:20] "POST /orders HTTP/1.1" 308 -
part1-catalog-1   | 172.19.0.2 - - [01/May/2023 21:45:20] "POST /orders/ HTTP/1.1" 200 -
part1-frontend-1  | 128.119.202.143 - - [01/May/2023 21:45:20] "GET /stockName/GameStart HTTP/1.1" 200 -
part1-frontend-1  | 128.119.202.143 - - [01/May/2023 21:45:20] "GET /stockName/GameStart HTTP/1.1" 200 -
part1-frontend-1  | 128.119.202.143 - - [01/May/2023 21:45:20] "POST /orders HTTP/1.1" 308 -
part1-frontend-1  | 172.19.0.2 - - [01/May/2023 21:45:20] "DELETE /stockName/FishCo HTTP/1.1" 200 -
part1-catalog-1   | 172.19.0.4 - - [01/May/2023 21:45:20] "GET /stockName/FishCo HTTP/1.1" 200 -
part1-order1-1    | 172.19.0.4 - - [01/May/2023 21:45:20] "POST /orders HTTP/1.1" 200 -
part1-frontend-1  | 128.119.202.143 - - [01/May/2023 21:45:20] "GET /stockName/FishCo HTTP/1.1" 200 -
part1-frontend-1  | 128.119.202.143 - - [01/May/2023 21:45:20] "POST /orders/ HTTP/1.1" 200 -
part1-catalog-1   | 172.19.0.4 - - [01/May/2023 21:45:20] "GET /stockName/MenhirCo HTTP/1.1" 200 -
part1-frontend-1  | 128.119.202.143 - - [01/May/2023 21:45:20] "GET /stockName/MenhirCo HTTP/1.1" 200 -
part1-frontend-1  | 128.119.202.143 - - [01/May/2023 21:45:20] "POST /orders HTTP/1.1" 308 -
part1-frontend-1  | 128.119.202.143 - - [01/May/2023 21:45:20] "GET /stockName/GameStart HTTP/1.1" 200 -
part1-catalog-1   | 172.19.0.2 - - [01/May/2023 21:45:20] "POST /orders HTTP/1.1" 308 -
part1-frontend-1  | 128.119.202.143 - - [01/May/2023 21:45:20] "GET /stockName/Cici HTTP/1.1" 200 -
part1-catalog-1   | 172.19.0.2 - - [01/May/2023 21:45:20] "POST /orders/ HTTP/1.1" 200 -
part1-frontend-1  | 172.19.0.2 - - [01/May/2023 21:45:20] "DELETE /stockName/GameStart2 HTTP/1.1" 200 -
part1-order1-1    | 172.19.0.4 - - [01/May/2023 21:45:20] "POST /orders HTTP/1.1" 200 -
part1-frontend-1  | 128.119.202.143 - - [01/May/2023 21:45:20] "POST /orders/ HTTP/1.1" 200 -
part1-frontend-1  | 128.119.202.143 - - [01/May/2023 21:45:20] "POST /orders HTTP/1.1" 308 -
part1-frontend-1  | 128.119.202.143 - - [01/May/2023 21:45:20] "POST /orders HTTP/1.1" 308 -
part1-catalog-1   | 172.19.0.2 - - [01/May/2023 21:45:20] "POST /orders HTTP/1.1" 308 -
part1-frontend-1  | 128.119.202.143 - - [01/May/2023 21:45:20] "POST /orders HTTP/1.1" 308 -
part1-catalog-1   | 172.19.0.2 - - [01/May/2023 21:45:20] "POST /orders/ HTTP/1.1" 200 -
part1-frontend-1  | 128.119.202.143 - - [01/May/2023 21:45:20] "GET /stockName/MenhirCo2 HTTP/1.1" 200 -
part1-frontend-1  | 172.19.0.2 - - [01/May/2023 21:45:20] "DELETE /stockName/GameStart HTTP/1.1" 200 -
part1-order1-1    | 172.19.0.4 - - [01/May/2023 21:45:20] "POST /orders HTTP/1.1" 200 -
part1-frontend-1  | 128.119.202.143 - - [01/May/2023 21:45:20] "POST /orders/ HTTP/1.1" 200 -
part1-catalog-1   | 172.19.0.2 - - [01/May/2023 21:45:20] "POST /orders HTTP/1.1" 308 -
part1-catalog-1   | 172.19.0.2 - - [01/May/2023 21:45:20] "POST /orders HTTP/1.1" 308 -
part1-frontend-1  | 128.119.202.143 - - [01/May/2023 21:45:20] "POST /orders HTTP/1.1" 308 -
part1-catalog-1   | 172.19.0.2 - - [01/May/2023 21:45:20] "POST /orders/ HTTP/1.1" 200 -
part1-catalog-1   | 172.19.0.2 - - [01/May/2023 21:45:20] "POST /orders/ HTTP/1.1" 200 -
part1-frontend-1  | 172.19.0.2 - - [01/May/2023 21:45:20] "DELETE /stockName/GameStart HTTP/1.1" 200 -
part1-catalog-1   | 172.19.0.2 - - [01/May/2023 21:45:20] "POST /orders HTTP/1.1" 308 -
part1-catalog-1   | 172.19.0.4 - - [01/May/2023 21:45:20] "GET /stockName/BearCo HTTP/1.1" 200 -
part1-order1-1    | 172.19.0.4 - - [01/May/2023 21:45:20] "POST /orders HTTP/1.1" 200 -
part1-frontend-1  | 128.119.202.143 - - [01/May/2023 21:45:20] "GET /stockName/BearCo HTTP/1.1" 200 -
part1-frontend-1  | 128.119.202.143 - - [01/May/2023 21:45:20] "POST /orders/ HTTP/1.1" 200 -
part1-catalog-1   | 172.19.0.2 - - [01/May/2023 21:45:20] "POST /orders/ HTTP/1.1" 200 -
part1-frontend-1  | 172.19.0.2 - - [01/May/2023 21:45:20] "DELETE /stockName/MenhirCo HTTP/1.1" 200 -
part1-order1-1    | 172.19.0.4 - - [01/May/2023 21:45:20] "POST /orders HTTP/1.1" 200 -
part1-frontend-1  | 128.119.202.143 - - [01/May/2023 21:45:20] "POST /orders/ HTTP/1.1" 200 -
part1-frontend-1  | 172.19.0.2 - - [01/May/2023 21:45:20] "DELETE /stockName/Cici HTTP/1.1" 200 -
part1-order1-1    | 172.19.0.4 - - [01/May/2023 21:45:20] "POST /orders HTTP/1.1" 200 -
part1-frontend-1  | 128.119.202.143 - - [01/May/2023 21:45:20] "POST /orders/ HTTP/1.1" 200 -
part1-catalog-1   | 172.19.0.2 - - [01/May/2023 21:45:20] "POST /orders HTTP/1.1" 308 -
part1-catalog-1   | 172.19.0.2 - - [01/May/2023 21:45:20] "POST /orders/ HTTP/1.1" 200 -
part1-frontend-1  | 172.19.0.2 - - [01/May/2023 21:45:20] "DELETE /stockName/MenhirCo2 HTTP/1.1" 200 -
part1-catalog-1   | 172.19.0.4 - - [01/May/2023 21:45:20] "GET /stockName/Cici HTTP/1.1" 200 -
part1-order1-1    | 172.19.0.4 - - [01/May/2023 21:45:20] "POST /orders HTTP/1.1" 200 -
part1-frontend-1  | 128.119.202.143 - - [01/May/2023 21:45:20] "GET /stockName/Cici HTTP/1.1" 200 -
part1-frontend-1  | 128.119.202.143 - - [01/May/2023 21:45:20] "GET /stockName/FishCo HTTP/1.1" 200 -
part1-frontend-1  | 128.119.202.143 - - [01/May/2023 21:45:20] "POST /orders/ HTTP/1.1" 200 -
part1-catalog-1   | 172.19.0.4 - - [01/May/2023 21:45:20] "GET /stockName/GameStart2 HTTP/1.1" 200 -
part1-frontend-1  | 128.119.202.143 - - [01/May/2023 21:45:20] "GET /stockName/GameStart2 HTTP/1.1" 200 -
part1-catalog-1   | 172.19.0.4 - - [01/May/2023 21:45:20] "GET /stockName/MenhirCo2 HTTP/1.1" 200 -
part1-frontend-1  | 128.119.202.143 - - [01/May/2023 21:45:20] "GET /stockName/MenhirCo2 HTTP/1.1" 200 -
part1-frontend-1  | 128.119.202.143 - - [01/May/2023 21:45:20] "POST /orders HTTP/1.1" 308 -
part1-catalog-1   | 172.19.0.4 - - [01/May/2023 21:45:20] "GET /stockName/BearCo HTTP/1.1" 200 -
part1-frontend-1  | 128.119.202.143 - - [01/May/2023 21:45:20] "GET /stockName/BearCo HTTP/1.1" 200 -
part1-catalog-1   | 172.19.0.4 - - [01/May/2023 21:45:20] "GET /stockName/GameStart HTTP/1.1" 200 -
part1-frontend-1  | 128.119.202.143 - - [01/May/2023 21:45:20] "GET /stockName/GameStart HTTP/1.1" 200 -
part1-frontend-1  | 128.119.202.143 - - [01/May/2023 21:45:20] "POST /orders HTTP/1.1" 308 -
part1-frontend-1  | 128.119.202.143 - - [01/May/2023 21:45:20] "POST /orders HTTP/1.1" 308 -
part1-frontend-1  | 128.119.202.143 - - [01/May/2023 21:45:20] "GET /stockName/Cici2 HTTP/1.1" 200 -
part1-catalog-1   | 172.19.0.2 - - [01/May/2023 21:45:20] "POST /orders HTTP/1.1" 308 -
part1-catalog-1   | 172.19.0.2 - - [01/May/2023 21:45:20] "POST /orders/ HTTP/1.1" 200 -
part1-catalog-1   | 172.19.0.4 - - [01/May/2023 21:45:20] "GET /stockName/BearCo2 HTTP/1.1" 200 -
part1-frontend-1  | 172.19.0.2 - - [01/May/2023 21:45:20] "DELETE /stockName/FishCo HTTP/1.1" 200 -
part1-frontend-1  | 128.119.202.143 - - [01/May/2023 21:45:20] "GET /stockName/BearCo2 HTTP/1.1" 200 -
part1-order1-1    | 172.19.0.4 - - [01/May/2023 21:45:20] "POST /orders HTTP/1.1" 200 -
part1-frontend-1  | 128.119.202.143 - - [01/May/2023 21:45:20] "POST /orders/ HTTP/1.1" 200 -
part1-catalog-1   | 172.19.0.2 - - [01/May/2023 21:45:20] "POST /orders HTTP/1.1" 308 -
part1-catalog-1   | 172.19.0.2 - - [01/May/2023 21:45:20] "POST /orders/ HTTP/1.1" 200 -
part1-frontend-1  | 172.19.0.2 - - [01/May/2023 21:45:20] "DELETE /stockName/MenhirCo2 HTTP/1.1" 200 -
part1-order1-1    | 172.19.0.4 - - [01/May/2023 21:45:20] "POST /orders HTTP/1.1" 200 -
part1-catalog-1   | 172.19.0.2 - - [01/May/2023 21:45:20] "POST /orders HTTP/1.1" 308 -
part1-frontend-1  | 128.119.202.143 - - [01/May/2023 21:45:20] "POST /orders/ HTTP/1.1" 200 -
part1-catalog-1   | 172.19.0.2 - - [01/May/2023 21:45:20] "POST /orders/ HTTP/1.1" 200 -
part1-frontend-1  | 172.19.0.2 - - [01/May/2023 21:45:20] "DELETE /stockName/GameStart2 HTTP/1.1" 200 -
part1-order1-1    | 172.19.0.4 - - [01/May/2023 21:45:20] "POST /orders HTTP/1.1" 200 -
part1-frontend-1  | 128.119.202.143 - - [01/May/2023 21:45:20] "POST /orders/ HTTP/1.1" 200 -
part1-catalog-1   | 172.19.0.4 - - [01/May/2023 21:45:20] "GET /stockName/GameStart2 HTTP/1.1" 200 -
part1-frontend-1  | 128.119.202.143 - - [01/May/2023 21:45:20] "GET /stockName/GameStart2 HTTP/1.1" 200 -
part1-frontend-1  | 128.119.202.143 - - [01/May/2023 21:45:20] "GET /stockName/GameStart HTTP/1.1" 200 -
part1-catalog-1   | 172.19.0.4 - - [01/May/2023 21:45:20] "GET /stockName/MenhirCo HTTP/1.1" 200 -
part1-frontend-1  | 128.119.202.143 - - [01/May/2023 21:45:20] "GET /stockName/MenhirCo HTTP/1.1" 200 -
part1-frontend-1  | 128.119.202.143 - - [01/May/2023 21:45:20] "GET /stockName/MenhirCo HTTP/1.1" 200 -
part1-frontend-1  | 128.119.202.143 - - [01/May/2023 21:45:20] "GET /stockName/Cici HTTP/1.1" 200 -
part1-frontend-1  | 128.119.202.143 - - [01/May/2023 21:45:20] "POST /orders HTTP/1.1" 308 -
part1-frontend-1  | 128.119.202.143 - - [01/May/2023 21:45:20] "POST /orders HTTP/1.1" 308 -
part1-frontend-1  | 128.119.202.143 - - [01/May/2023 21:45:20] "POST /orders HTTP/1.1" 308 -
part1-frontend-1  | 128.119.202.143 - - [01/May/2023 21:45:20] "GET /stockName/GameStart2 HTTP/1.1" 200 -
part1-frontend-1  | 128.119.202.143 - - [01/May/2023 21:45:20] "GET /stockName/Cici2 HTTP/1.1" 200 -
part1-catalog-1   | 172.19.0.2 - - [01/May/2023 21:45:20] "POST /orders HTTP/1.1" 308 -
part1-catalog-1   | 172.19.0.2 - - [01/May/2023 21:45:20] "POST /orders/ HTTP/1.1" 200 -
part1-frontend-1  | 172.19.0.2 - - [01/May/2023 21:45:20] "DELETE /stockName/GameStart2 HTTP/1.1" 200 -
part1-order1-1    | 172.19.0.4 - - [01/May/2023 21:45:20] "POST /orders HTTP/1.1" 200 -
part1-frontend-1  | 128.119.202.143 - - [01/May/2023 21:45:20] "POST /orders/ HTTP/1.1" 200 -
part1-catalog-1   | 172.19.0.2 - - [01/May/2023 21:45:21] "POST /orders HTTP/1.1" 308 -
part1-catalog-1   | 172.19.0.2 - - [01/May/2023 21:45:21] "POST /orders HTTP/1.1" 308 -
part1-catalog-1   | 172.19.0.2 - - [01/May/2023 21:45:21] "POST /orders/ HTTP/1.1" 200 -
part1-catalog-1   | 172.19.0.2 - - [01/May/2023 21:45:21] "POST /orders/ HTTP/1.1" 200 -
part1-frontend-1  | 172.19.0.2 - - [01/May/2023 21:45:21] "DELETE /stockName/MenhirCo HTTP/1.1" 200 -
part1-order1-1    | 172.19.0.4 - - [01/May/2023 21:45:21] "POST /orders HTTP/1.1" 200 -
part1-frontend-1  | 128.119.202.143 - - [01/May/2023 21:45:21] "POST /orders/ HTTP/1.1" 200 -
part1-frontend-1  | 128.119.202.143 - - [01/May/2023 21:45:21] "POST /orders HTTP/1.1" 308 -
part1-frontend-1  | 128.119.202.143 - - [01/May/2023 21:45:21] "GET /stockName/GameStart HTTP/1.1" 200 -
part1-frontend-1  | 172.19.0.2 - - [01/May/2023 21:45:21] "DELETE /stockName/GameStart HTTP/1.1" 200 -
part1-order1-1    | 172.19.0.4 - - [01/May/2023 21:45:21] "POST /orders HTTP/1.1" 200 -
part1-frontend-1  | 128.119.202.143 - - [01/May/2023 21:45:21] "POST /orders/ HTTP/1.1" 200 -
part1-frontend-1  | 128.119.202.143 - - [01/May/2023 21:45:21] "GET /stockName/Cici2 HTTP/1.1" 200 -
part1-frontend-1  | 128.119.202.143 - - [01/May/2023 21:45:21] "GET /stockName/Cici2 HTTP/1.1" 200 -
part1-frontend-1  | 128.119.202.143 - - [01/May/2023 21:45:21] "GET /stockName/FishCo2 HTTP/1.1" 200 -
part1-catalog-1   | 172.19.0.4 - - [01/May/2023 21:45:21] "GET /stockName/GameStart HTTP/1.1" 200 -
part1-frontend-1  | 128.119.202.143 - - [01/May/2023 21:45:21] "GET /stockName/GameStart HTTP/1.1" 200 -
part1-catalog-1   | 172.19.0.2 - - [01/May/2023 21:45:21] "POST /orders HTTP/1.1" 308 -
part1-catalog-1   | 172.19.0.2 - - [01/May/2023 21:45:21] "POST /orders/ HTTP/1.1" 200 -
part1-frontend-1  | 172.19.0.2 - - [01/May/2023 21:45:21] "DELETE /stockName/GameStart2 HTTP/1.1" 200 -
part1-order1-1    | 172.19.0.4 - - [01/May/2023 21:45:21] "POST /orders HTTP/1.1" 200 -
part1-frontend-1  | 128.119.202.143 - - [01/May/2023 21:45:21] "POST /orders/ HTTP/1.1" 200 -
part1-frontend-1  | 128.119.202.143 - - [01/May/2023 21:45:21] "GET /stockName/Cici HTTP/1.1" 200 -
part1-catalog-1   | 172.19.0.4 - - [01/May/2023 21:45:21] "GET /stockName/GameStart2 HTTP/1.1" 200 -
part1-frontend-1  | 128.119.202.143 - - [01/May/2023 21:45:21] "POST /orders HTTP/1.1" 308 -
part1-frontend-1  | 128.119.202.143 - - [01/May/2023 21:45:21] "GET /stockName/GameStart2 HTTP/1.1" 200 -
part1-catalog-1   | 172.19.0.4 - - [01/May/2023 21:45:21] "GET /stockName/GameStart2 HTTP/1.1" 200 -
part1-frontend-1  | 128.119.202.143 - - [01/May/2023 21:45:21] "GET /stockName/GameStart2 HTTP/1.1" 200 -
part1-frontend-1  | 128.119.202.143 - - [01/May/2023 21:45:21] "GET /stockName/GameStart HTTP/1.1" 200 -
part1-frontend-1  | 128.119.202.143 - - [01/May/2023 21:45:21] "POST /orders HTTP/1.1" 308 -
part1-frontend-1  | 128.119.202.143 - - [01/May/2023 21:45:21] "GET /stockName/GameStart2 HTTP/1.1" 200 -
part1-frontend-1  | 128.119.202.143 - - [01/May/2023 21:45:21] "GET /stockName/FishCo2 HTTP/1.1" 200 -
part1-catalog-1   | 172.19.0.2 - - [01/May/2023 21:45:21] "POST /orders HTTP/1.1" 308 -
part1-frontend-1  | 128.119.202.143 - - [01/May/2023 21:45:21] "POST /orders HTTP/1.1" 308 -
part1-catalog-1   | 172.19.0.2 - - [01/May/2023 21:45:21] "POST /orders/ HTTP/1.1" 200 -
part1-frontend-1  | 172.19.0.2 - - [01/May/2023 21:45:21] "DELETE /stockName/GameStart HTTP/1.1" 200 -
part1-order1-1    | 172.19.0.4 - - [01/May/2023 21:45:21] "POST /orders HTTP/1.1" 200 -
part1-frontend-1  | 128.119.202.143 - - [01/May/2023 21:45:21] "POST /orders/ HTTP/1.1" 200 -
part1-catalog-1   | 172.19.0.2 - - [01/May/2023 21:45:21] "POST /orders HTTP/1.1" 308 -
part1-catalog-1   | 172.19.0.2 - - [01/May/2023 21:45:21] "POST /orders/ HTTP/1.1" 200 -
part1-frontend-1  | 172.19.0.2 - - [01/May/2023 21:45:21] "DELETE /stockName/Cici HTTP/1.1" 200 -
part1-order1-1    | 172.19.0.4 - - [01/May/2023 21:45:21] "POST /orders HTTP/1.1" 200 -
part1-frontend-1  | 128.119.202.143 - - [01/May/2023 21:45:21] "POST /orders/ HTTP/1.1" 200 -
part1-frontend-1  | 128.119.202.143 - - [01/May/2023 21:45:21] "POST /orders HTTP/1.1" 308 -
part1-frontend-1  | 128.119.202.143 - - [01/May/2023 21:45:21] "GET /stockName/FishCo2 HTTP/1.1" 200 -
part1-frontend-1  | 128.119.202.143 - - [01/May/2023 21:45:21] "GET /stockName/Cici2 HTTP/1.1" 200 -
part1-catalog-1   | 172.19.0.2 - - [01/May/2023 21:45:21] "POST /orders HTTP/1.1" 308 -
part1-catalog-1   | 172.19.0.2 - - [01/May/2023 21:45:21] "POST /orders/ HTTP/1.1" 200 -
part1-frontend-1  | 172.19.0.2 - - [01/May/2023 21:45:21] "DELETE /stockName/GameStart HTTP/1.1" 200 -
part1-order1-1    | 172.19.0.4 - - [01/May/2023 21:45:21] "POST /orders HTTP/1.1" 200 -
part1-frontend-1  | 128.119.202.143 - - [01/May/2023 21:45:21] "POST /orders/ HTTP/1.1" 200 -
part1-catalog-1   | 172.19.0.4 - - [01/May/2023 21:45:21] "GET /stockName/FishCo HTTP/1.1" 200 -
part1-frontend-1  | 128.119.202.143 - - [01/May/2023 21:45:21] "GET /stockName/FishCo HTTP/1.1" 200 -
part1-frontend-1  | 128.119.202.143 - - [01/May/2023 21:45:21] "POST /orders HTTP/1.1" 308 -
part1-catalog-1   | 172.19.0.2 - - [01/May/2023 21:45:21] "POST /orders HTTP/1.1" 308 -
part1-catalog-1   | 172.19.0.2 - - [01/May/2023 21:45:21] "POST /orders/ HTTP/1.1" 200 -
part1-frontend-1  | 172.19.0.2 - - [01/May/2023 21:45:21] "DELETE /stockName/FishCo2 HTTP/1.1" 200 -
part1-catalog-1   | 172.19.0.4 - - [01/May/2023 21:45:21] "GET /stockName/Cici HTTP/1.1" 200 -
part1-order1-1    | 172.19.0.4 - - [01/May/2023 21:45:21] "POST /orders HTTP/1.1" 200 -
part1-frontend-1  | 128.119.202.143 - - [01/May/2023 21:45:21] "GET /stockName/Cici HTTP/1.1" 200 -
part1-frontend-1  | 128.119.202.143 - - [01/May/2023 21:45:21] "POST /orders/ HTTP/1.1" 200 -
part1-frontend-1  | 128.119.202.143 - - [01/May/2023 21:45:21] "GET /stockName/Cici HTTP/1.1" 200 -
part1-frontend-1  | 128.119.202.143 - - [01/May/2023 21:45:21] "POST /orders HTTP/1.1" 308 -
part1-catalog-1   | 172.19.0.2 - - [01/May/2023 21:45:21] "POST /orders HTTP/1.1" 308 -
part1-catalog-1   | 172.19.0.2 - - [01/May/2023 21:45:21] "POST /orders/ HTTP/1.1" 200 -
part1-frontend-1  | 172.19.0.2 - - [01/May/2023 21:45:21] "DELETE /stockName/FishCo2 HTTP/1.1" 200 -
part1-order1-1    | 172.19.0.4 - - [01/May/2023 21:45:21] "POST /orders HTTP/1.1" 200 -
part1-catalog-1   | 172.19.0.4 - - [01/May/2023 21:45:21] "GET /stockName/BearCo HTTP/1.1" 200 -
part1-frontend-1  | 128.119.202.143 - - [01/May/2023 21:45:21] "POST /orders/ HTTP/1.1" 200 -
part1-frontend-1  | 128.119.202.143 - - [01/May/2023 21:45:21] "GET /stockName/BearCo HTTP/1.1" 200 -
part1-catalog-1   | 172.19.0.4 - - [01/May/2023 21:45:21] "GET /stockName/MenhirCo HTTP/1.1" 200 -
part1-frontend-1  | 128.119.202.143 - - [01/May/2023 21:45:21] "GET /stockName/MenhirCo HTTP/1.1" 200 -
part1-frontend-1  | 128.119.202.143 - - [01/May/2023 21:45:21] "POST /orders HTTP/1.1" 308 -
part1-catalog-1   | 172.19.0.2 - - [01/May/2023 21:45:21] "POST /orders HTTP/1.1" 308 -
part1-catalog-1   | 172.19.0.2 - - [01/May/2023 21:45:21] "POST /orders/ HTTP/1.1" 200 -
part1-frontend-1  | 172.19.0.2 - - [01/May/2023 21:45:21] "DELETE /stockName/FishCo HTTP/1.1" 200 -
part1-order1-1    | 172.19.0.4 - - [01/May/2023 21:45:21] "POST /orders HTTP/1.1" 200 -
part1-frontend-1  | 128.119.202.143 - - [01/May/2023 21:45:21] "POST /orders/ HTTP/1.1" 200 -
part1-catalog-1   | 172.19.0.4 - - [01/May/2023 21:45:21] "GET /stockName/FishCo2 HTTP/1.1" 200 -
part1-catalog-1   | 172.19.0.4 - - [01/May/2023 21:45:21] "GET /stockName/FishCo2 HTTP/1.1" 200 -
part1-frontend-1  | 128.119.202.143 - - [01/May/2023 21:45:21] "GET /stockName/FishCo2 HTTP/1.1" 200 -
part1-frontend-1  | 128.119.202.143 - - [01/May/2023 21:45:21] "GET /stockName/FishCo2 HTTP/1.1" 200 -
part1-frontend-1  | 128.119.202.143 - - [01/May/2023 21:45:21] "POST /orders HTTP/1.1" 308 -
part1-catalog-1   | 172.19.0.2 - - [01/May/2023 21:45:21] "POST /orders HTTP/1.1" 308 -
part1-catalog-1   | 172.19.0.2 - - [01/May/2023 21:45:21] "POST /orders/ HTTP/1.1" 200 -
part1-frontend-1  | 172.19.0.2 - - [01/May/2023 21:45:21] "DELETE /stockName/Cici HTTP/1.1" 200 -
part1-order1-1    | 172.19.0.4 - - [01/May/2023 21:45:21] "POST /orders HTTP/1.1" 200 -
part1-frontend-1  | 128.119.202.143 - - [01/May/2023 21:45:21] "POST /orders/ HTTP/1.1" 200 -
part1-frontend-1  | 128.119.202.143 - - [01/May/2023 21:45:21] "POST /orders HTTP/1.1" 308 -
part1-catalog-1   | 172.19.0.4 - - [01/May/2023 21:45:21] "GET /stockName/MenhirCo2 HTTP/1.1" 200 -
part1-frontend-1  | 128.119.202.143 - - [01/May/2023 21:45:21] "GET /stockName/MenhirCo2 HTTP/1.1" 200 -
part1-catalog-1   | 172.19.0.2 - - [01/May/2023 21:45:21] "POST /orders HTTP/1.1" 308 -
part1-catalog-1   | 172.19.0.2 - - [01/May/2023 21:45:21] "POST /orders/ HTTP/1.1" 200 -
part1-frontend-1  | 128.119.202.143 - - [01/May/2023 21:45:21] "GET /stockName/FishCo2 HTTP/1.1" 200 -
part1-frontend-1  | 172.19.0.2 - - [01/May/2023 21:45:21] "DELETE /stockName/MenhirCo HTTP/1.1" 200 -
part1-order1-1    | 172.19.0.4 - - [01/May/2023 21:45:21] "POST /orders HTTP/1.1" 200 -
part1-frontend-1  | 128.119.202.143 - - [01/May/2023 21:45:21] "POST /orders/ HTTP/1.1" 200 -
part1-frontend-1  | 128.119.202.143 - - [01/May/2023 21:45:21] "POST /orders HTTP/1.1" 308 -
part1-catalog-1   | 172.19.0.2 - - [01/May/2023 21:45:21] "POST /orders HTTP/1.1" 308 -
part1-frontend-1  | 128.119.202.143 - - [01/May/2023 21:45:21] "GET /stockName/Cici2 HTTP/1.1" 200 -
part1-catalog-1   | 172.19.0.2 - - [01/May/2023 21:45:21] "POST /orders/ HTTP/1.1" 200 -
part1-order1-1    | 172.19.0.4 - - [01/May/2023 21:45:21] "POST /orders HTTP/1.1" 200 -
part1-frontend-1  | 172.19.0.2 - - [01/May/2023 21:45:21] "DELETE /stockName/FishCo2 HTTP/1.1" 200 -
part1-frontend-1  | 128.119.202.143 - - [01/May/2023 21:45:21] "POST /orders/ HTTP/1.1" 200 -
part1-catalog-1   | 172.19.0.2 - - [01/May/2023 21:45:21] "POST /orders HTTP/1.1" 308 -
part1-catalog-1   | 172.19.0.2 - - [01/May/2023 21:45:21] "POST /orders/ HTTP/1.1" 200 -
part1-frontend-1  | 172.19.0.2 - - [01/May/2023 21:45:21] "DELETE /stockName/MenhirCo2 HTTP/1.1" 200 -
part1-order1-1    | 172.19.0.4 - - [01/May/2023 21:45:21] "POST /orders HTTP/1.1" 200 -
part1-frontend-1  | 128.119.202.143 - - [01/May/2023 21:45:21] "POST /orders/ HTTP/1.1" 200 -
part1-catalog-1   | 172.19.0.4 - - [01/May/2023 21:45:21] "GET /stockName/Cici HTTP/1.1" 200 -
part1-frontend-1  | 128.119.202.143 - - [01/May/2023 21:45:21] "GET /stockName/Cici HTTP/1.1" 200 -
part1-frontend-1  | 128.119.202.143 - - [01/May/2023 21:45:21] "POST /orders HTTP/1.1" 308 -
part1-catalog-1   | 172.19.0.2 - - [01/May/2023 21:45:21] "POST /orders HTTP/1.1" 308 -
part1-catalog-1   | 172.19.0.2 - - [01/May/2023 21:45:21] "POST /orders/ HTTP/1.1" 200 -
part1-frontend-1  | 172.19.0.2 - - [01/May/2023 21:45:21] "DELETE /stockName/Cici HTTP/1.1" 200 -
part1-order1-1    | 172.19.0.4 - - [01/May/2023 21:45:21] "POST /orders HTTP/1.1" 200 -
part1-frontend-1  | 128.119.202.143 - - [01/May/2023 21:45:21] "POST /orders/ HTTP/1.1" 200 -